Archive member included because of file (symbol)

c:/winavr-20100110/bin/../lib/gcc/avr/4.3.3/avrxmega7\libgcc.a(_mulsi3.o)
                              main.o (__mulsi3)
c:/winavr-20100110/bin/../lib/gcc/avr/4.3.3/avrxmega7\libgcc.a(_udivmodhi4.o)
                              main.o (__udivmodhi4)
c:/winavr-20100110/bin/../lib/gcc/avr/4.3.3/avrxmega7\libgcc.a(_divmodhi4.o)
                              main.o (__divmodhi4)
c:/winavr-20100110/bin/../lib/gcc/avr/4.3.3/avrxmega7\libgcc.a(_udivmodsi4.o)
                              main.o (__udivmodsi4)
c:/winavr-20100110/bin/../lib/gcc/avr/4.3.3/avrxmega7\libgcc.a(_divmodsi4.o)
                              main.o (__divmodsi4)
c:/winavr-20100110/bin/../lib/gcc/avr/4.3.3/avrxmega7\libgcc.a(_prologue.o)
                              main.o (__prologue_saves__)
c:/winavr-20100110/bin/../lib/gcc/avr/4.3.3/avrxmega7\libgcc.a(_epilogue.o)
                              main.o (__epilogue_restores__)
c:/winavr-20100110/bin/../lib/gcc/avr/4.3.3/avrxmega7\libgcc.a(_exit.o)
                              c:/winavr-20100110/bin/../lib/gcc/avr/4.3.3/../../../../avr/lib/avrxmega7/crtx128a1.o (exit)
c:/winavr-20100110/bin/../lib/gcc/avr/4.3.3/avrxmega7\libgcc.a(_tablejump.o)
                              main.o (__tablejump2__)
c:/winavr-20100110/bin/../lib/gcc/avr/4.3.3/avrxmega7\libgcc.a(_clear_bss.o)
                              main.o (__do_clear_bss)
c:/winavr-20100110/bin/../lib/gcc/avr/4.3.3/../../../../avr/lib/avrxmega7\libc.a(malloc.o)
                              uart.o (malloc)
c:/winavr-20100110/bin/../lib/gcc/avr/4.3.3/../../../../avr/lib/avrxmega7\libc.a(strtoul.o)
                              utils.o (strtoul)
c:/winavr-20100110/bin/../lib/gcc/avr/4.3.3/../../../../avr/lib/avrxmega7\libc.a(isspace.o)
                              c:/winavr-20100110/bin/../lib/gcc/avr/4.3.3/../../../../avr/lib/avrxmega7\libc.a(strtoul.o) (isspace)
c:/winavr-20100110/bin/../lib/gcc/avr/4.3.3/../../../../avr/lib/avrxmega7\libc.a(sprintf.o)
                              main.o (sprintf)
c:/winavr-20100110/bin/../lib/gcc/avr/4.3.3/../../../../avr/lib/avrxmega7\libc.a(vfprintf_std.o)
                              c:/winavr-20100110/bin/../lib/gcc/avr/4.3.3/../../../../avr/lib/avrxmega7\libc.a(sprintf.o) (vfprintf)
c:/winavr-20100110/bin/../lib/gcc/avr/4.3.3/../../../../avr/lib/avrxmega7\libc.a(eerd_byte_atxmega128a1.o)
                              main.o (__eerd_byte_x128a1)
c:/winavr-20100110/bin/../lib/gcc/avr/4.3.3/../../../../avr/lib/avrxmega7\libc.a(eewr_byte_atxmega128a1.o)
                              main.o (__eewr_byte_x128a1)
c:/winavr-20100110/bin/../lib/gcc/avr/4.3.3/../../../../avr/lib/avrxmega7\libc.a(errno.o)
                              c:/winavr-20100110/bin/../lib/gcc/avr/4.3.3/../../../../avr/lib/avrxmega7\libc.a(strtoul.o) (errno)
c:/winavr-20100110/bin/../lib/gcc/avr/4.3.3/../../../../avr/lib/avrxmega7\libc.a(cty_isfalse.o)
                              c:/winavr-20100110/bin/../lib/gcc/avr/4.3.3/../../../../avr/lib/avrxmega7\libc.a(isspace.o) (__ctype_isfalse)
c:/winavr-20100110/bin/../lib/gcc/avr/4.3.3/../../../../avr/lib/avrxmega7\libc.a(strnlen_P.o)
                              c:/winavr-20100110/bin/../lib/gcc/avr/4.3.3/../../../../avr/lib/avrxmega7\libc.a(vfprintf_std.o) (strnlen_P)
c:/winavr-20100110/bin/../lib/gcc/avr/4.3.3/../../../../avr/lib/avrxmega7\libc.a(strnlen.o)
                              c:/winavr-20100110/bin/../lib/gcc/avr/4.3.3/../../../../avr/lib/avrxmega7\libc.a(vfprintf_std.o) (strnlen)
c:/winavr-20100110/bin/../lib/gcc/avr/4.3.3/../../../../avr/lib/avrxmega7\libc.a(fputc.o)
                              c:/winavr-20100110/bin/../lib/gcc/avr/4.3.3/../../../../avr/lib/avrxmega7\libc.a(vfprintf_std.o) (fputc)
c:/winavr-20100110/bin/../lib/gcc/avr/4.3.3/../../../../avr/lib/avrxmega7\libc.a(ultoa_invert.o)
                              c:/winavr-20100110/bin/../lib/gcc/avr/4.3.3/../../../../avr/lib/avrxmega7\libc.a(vfprintf_std.o) (__ultoa_invert)

Allocating common symbols
Common symbol       size              file

file2               0x20              main.o
bias_x              0x1               main.o
twi4                0xf               main.o
y_num               0x2               main.o
p_handler_func      0xc               handler.o
errno               0x2               c:/winavr-20100110/bin/../lib/gcc/avr/4.3.3/../../../../avr/lib/avrxmega7\libc.a(errno.o)
row_compress        0x1               main.o
function_Y          0xc8              main.o
Y_pos_index         0x2               main.o
twi1                0xf               main.o
laserPattern        0x7d              main.o
mask                0x6               handler.o
X_pos_index         0x2               main.o
file3               0x20              main.o
start_count         0x18              handler.o
__brkval            0x2               c:/winavr-20100110/bin/../lib/gcc/avr/4.3.3/../../../../avr/lib/avrxmega7\libc.a(malloc.o)
twi3                0xf               main.o
gs_value            0x1               main.o
chMap               0x81              main.o
x_mode              0x1               main.o
bytes_per_panel_frame
                    0x1               main.o
index_x             0x2               main.o
gain_y              0x1               main.o
fsMutex             0x1               main.o
start_block         0x4               main.o
file5               0x20              main.o
count               0x18              handler.o
file6               0x20              main.o
y_mode              0x1               main.o
gain_x              0x1               main.o
file4               0x20              main.o
x_num               0x2               main.o
function_X          0xc8              main.o
adrMap              0x81              main.o
index_y             0x2               main.o
file1               0x20              main.o
__flp               0x2               c:/winavr-20100110/bin/../lib/gcc/avr/4.3.3/../../../../avr/lib/avrxmega7\libc.a(malloc.o)
twi2                0xf               main.o
ident_compress      0x1               main.o
fatfs               0x232             main.o
bias_y              0x1               main.o

Memory Configuration

Name             Origin             Length             Attributes
text             0x00000000         0x00100000         xr
data             0x00802000         0x0000ffa0         rw !x
eeprom           0x00810000         0x00010000         rw !x
fuse             0x00820000         0x00000400         rw !x
lock             0x00830000         0x00000400         rw !x
signature        0x00840000         0x00000400         rw !x
*default*        0x00000000         0xffffffff

Linker script and memory map

LOAD c:/winavr-20100110/bin/../lib/gcc/avr/4.3.3/../../../../avr/lib/avrxmega7/crtx128a1.o
LOAD main.o
LOAD utils.o
LOAD uart.o
LOAD handler.o
LOAD twi.o
LOAD ff.o
LOAD mmc.o
LOAD rtc.o
LOAD timer.o
LOAD eeprom_driver.o
LOAD xitoa.o
LOAD c:/winavr-20100110/bin/../lib/gcc/avr/4.3.3/avrxmega7\libgcc.a
LOAD c:/winavr-20100110/bin/../lib/gcc/avr/4.3.3/../../../../avr/lib/avrxmega7\libc.a
LOAD c:/winavr-20100110/bin/../lib/gcc/avr/4.3.3/avrxmega7\libgcc.a

.hash
 *(.hash)

.dynsym
 *(.dynsym)

.dynstr
 *(.dynstr)

.gnu.version
 *(.gnu.version)

.gnu.version_d
 *(.gnu.version_d)

.gnu.version_r
 *(.gnu.version_r)

.rel.init
 *(.rel.init)

.rela.init
 *(.rela.init)

.rel.text
 *(.rel.text)
 *(.rel.text.*)
 *(.rel.gnu.linkonce.t*)

.rela.text
 *(.rela.text)
 *(.rela.text.*)
 *(.rela.gnu.linkonce.t*)

.rel.fini
 *(.rel.fini)

.rela.fini
 *(.rela.fini)

.rel.rodata
 *(.rel.rodata)
 *(.rel.rodata.*)
 *(.rel.gnu.linkonce.r*)

.rela.rodata
 *(.rela.rodata)
 *(.rela.rodata.*)
 *(.rela.gnu.linkonce.r*)

.rel.data
 *(.rel.data)
 *(.rel.data.*)
 *(.rel.gnu.linkonce.d*)

.rela.data
 *(.rela.data)
 *(.rela.data.*)
 *(.rela.gnu.linkonce.d*)

.rel.ctors
 *(.rel.ctors)

.rela.ctors
 *(.rela.ctors)

.rel.dtors
 *(.rel.dtors)

.rela.dtors
 *(.rela.dtors)

.rel.got
 *(.rel.got)

.rela.got
 *(.rela.got)

.rel.bss
 *(.rel.bss)

.rela.bss
 *(.rela.bss)

.rel.plt
 *(.rel.plt)

.rela.plt
 *(.rela.plt)

.text           0x00000000     0xc0e6
 *(.vectors)
 .vectors       0x00000000      0x1f4 c:/winavr-20100110/bin/../lib/gcc/avr/4.3.3/../../../../avr/lib/avrxmega7/crtx128a1.o
                0x00000000                __vectors
                0x00000000                __vector_default
 *(.vectors)
 *(.progmem.gcc*)
 .progmem.gcc_sw_table
                0x000001f4       0x20 main.o
 .progmem.gcc_sw_table
                0x00000214       0x1e mmc.o
 *(.progmem*)
 .progmem.data  0x00000232      0xa66 main.o
 .progmem.data  0x00000c98      0x5cd utils.o
                0x00001266                . = ALIGN (0x2)
 *fill*         0x00001265        0x1 00
                0x00001266                __trampolines_start = .
 *(.trampolines)
 .trampolines   0x00001266        0x0 linker stubs
 *(.trampolines*)
                0x00001266                __trampolines_end = .
 *(.jumptables)
 *(.jumptables*)
 *(.lowtext)
 *(.lowtext*)
                0x00001266                __ctors_start = .
 *(.ctors)
                0x00001266                __ctors_end = .
                0x00001266                __dtors_start = .
 *(.dtors)
                0x00001266                __dtors_end = .
 SORT(*)(.ctors)
 SORT(*)(.dtors)
 *(.init0)
 .init0         0x00001266        0x0 c:/winavr-20100110/bin/../lib/gcc/avr/4.3.3/../../../../avr/lib/avrxmega7/crtx128a1.o
                0x00001266                __init
 *(.init0)
 *(.init1)
 *(.init1)
 *(.init2)
 .init2         0x00001266       0x18 c:/winavr-20100110/bin/../lib/gcc/avr/4.3.3/../../../../avr/lib/avrxmega7/crtx128a1.o
 *(.init2)
 *(.init3)
 *(.init3)
 *(.init4)
 .init4         0x0000127e       0x1c c:/winavr-20100110/bin/../lib/gcc/avr/4.3.3/../../../../avr/lib/avrxmega7/crtx128a1.o
                0x0000127e                __do_copy_data
 .init4         0x0000129a       0x10 c:/winavr-20100110/bin/../lib/gcc/avr/4.3.3/avrxmega7\libgcc.a(_clear_bss.o)
                0x0000129a                __do_clear_bss
 *(.init4)
 *(.init5)
 *(.init5)
 *(.init6)
 *(.init6)
 *(.init7)
 *(.init7)
 *(.init8)
 *(.init8)
 *(.init9)
 .init9         0x000012aa        0x8 c:/winavr-20100110/bin/../lib/gcc/avr/4.3.3/../../../../avr/lib/avrxmega7/crtx128a1.o
 *(.init9)
 *(.text)
 .text          0x000012b2        0x4 c:/winavr-20100110/bin/../lib/gcc/avr/4.3.3/../../../../avr/lib/avrxmega7/crtx128a1.o
                0x000012b2                __vector_38
                0x000012b2                __vector_104
                0x000012b2                __vector_22
                0x000012b2                __vector_63
                0x000012b2                __vector_28
                0x000012b2                __vector_67
                0x000012b2                __vector_1
                0x000012b2                __vector_119
                0x000012b2                __vector_32
                0x000012b2                __vector_75
                0x000012b2                __vector_71
                0x000012b2                __vector_91
                0x000012b2                __vector_34
                0x000012b2                __vector_62
                0x000012b2                __vector_77
                0x000012b2                __vector_102
                0x000012b2                __vector_24
                0x000012b2                __vector_12
                0x000012b2                __vector_55
                0x000012b2                __vector_69
                0x000012b2                __vector_81
                0x000012b2                __vector_90
                0x000012b2                __bad_interrupt
                0x000012b2                __vector_122
                0x000012b2                __vector_72
                0x000012b2                __vector_114
                0x000012b2                __vector_6
                0x000012b2                __vector_110
                0x000012b2                __vector_31
                0x000012b2                __vector_92
                0x000012b2                __vector_35
                0x000012b2                __vector_78
                0x000012b2                __vector_74
                0x000012b2                __vector_117
                0x000012b2                __vector_39
                0x000012b2                __vector_3
                0x000012b2                __vector_105
                0x000012b2                __vector_98
                0x000012b2                __vector_23
                0x000012b2                __vector_68
                0x000012b2                __vector_30
                0x000012b2                __vector_73
                0x000012b2                __vector_45
                0x000012b2                __vector_93
                0x000012b2                __vector_61
                0x000012b2                __vector_11
                0x000012b2                __vector_54
                0x000012b2                __vector_99
                0x000012b2                __vector_17
                0x000012b2                __vector_19
                0x000012b2                __vector_56
                0x000012b2                __vector_7
                0x000012b2                __vector_49
                0x000012b2                __vector_123
                0x000012b2                __vector_41
                0x000012b2                __vector_86
                0x000012b2                __vector_101
                0x000012b2                __vector_64
                0x000012b2                __vector_88
                0x000012b2                __vector_109
                0x000012b2                __vector_43
                0x000012b2                __vector_27
                0x000012b2                __vector_5
                0x000012b2                __vector_113
                0x000012b2                __vector_33
                0x000012b2                __vector_115
                0x000012b2                __vector_52
                0x000012b2                __vector_37
                0x000012b2                __vector_95
                0x000012b2                __vector_103
                0x000012b2                __vector_96
                0x000012b2                __vector_89
                0x000012b2                __vector_4
                0x000012b2                __vector_44
                0x000012b2                __vector_82
                0x000012b2                __vector_106
                0x000012b2                __vector_118
                0x000012b2                __vector_51
                0x000012b2                __vector_9
                0x000012b2                __vector_2
                0x000012b2                __vector_21
                0x000012b2                __vector_15
                0x000012b2                __vector_66
                0x000012b2                __vector_36
                0x000012b2                __vector_79
                0x000012b2                __vector_58
                0x000012b2                __vector_70
                0x000012b2                __vector_83
                0x000012b2                __vector_29
                0x000012b2                __vector_60
                0x000012b2                __vector_121
                0x000012b2                __vector_40
                0x000012b2                __vector_85
                0x000012b2                __vector_94
                0x000012b2                __vector_8
                0x000012b2                __vector_48
                0x000012b2                __vector_124
                0x000012b2                __vector_116
                0x000012b2                __vector_112
                0x000012b2                __vector_111
                0x000012b2                __vector_80
                0x000012b2                __vector_14
                0x000012b2                __vector_84
                0x000012b2                __vector_57
                0x000012b2                __vector_10
                0x000012b2                __vector_50
                0x000012b2                __vector_16
                0x000012b2                __vector_59
                0x000012b2                __vector_18
                0x000012b2                __vector_97
                0x000012b2                __vector_20
                0x000012b2                __vector_42
                0x000012b2                __vector_87
                0x000012b2                __vector_65
                0x000012b2                __vector_120
 .text          0x000012b6     0x34a2 main.o
                0x000012d8                increment_index_x
                0x00001664                handle_message_length_63
                0x000019a8                fetch_update_funcX
                0x00001430                decrement_index_y
                0x00001cd0                update_funcCnt_x
                0x000027a0                handle_message_length_3
                0x0000461a                __vector_46
                0x000026a8                i2cMasterSend
                0x000034b6                set_pattern
                0x00003856                handle_message_length_2
                0x00001696                dump_mat
                0x000045b0                __vector_107
                0x0000275c                handle_message_length_4
                0x000033f4                benchmark_pattern
                0x000012b6                handle_message_length_62
                0x00002b40                Update_display
                0x000036c0                handle_message_length_5
                0x00003900                handle_message_length_1
                0x000046ee                __vector_13
                0x00002a1c                set_hwConfig
                0x000014a0                __vector_100
                0x00001e9c                set_vel_func
                0x00001b30                update_funcCnt_y
                0x00002f24                fetch_display_frame
                0x00004684                __vector_76
                0x00002e78                display_dumped_frame
                0x000040c8                main
                0x00001348                increment_index_y
                0x00001586                set_default_func
                0x000013c0                decrement_index_x
                0x00001820                fetch_update_funcY
                0x00002b38                toggle_trigger
                0x000022e4                set_pos_func
 .text          0x00004758     0x18a6 utils.o
                0x00004dac                verifyPage
                0x000051cc                eeprom_panel
                0x000047c8                ledToggle
                0x00004888                digitalRead
                0x00004e6a                readPage
                0x000049f0                analogWrite
                0x000048ee                digitalToggle
                0x00004c72                readEEPage
                0x000048ac                digitalWrite
                0x00004758                CCPWrite
                0x0000481c                digitalMode
                0x00005dbc                init_all
                0x000057b0                flash_panel
                0x00004a3c                test_DIO
                0x00004af4                test_ADC
                0x000047ee                ledBlink
                0x00004bb8                verifyEEPage
                0x00004f1e                progPage
                0x00004782                ledWrite
                0x00004910                analogRead
                0x00004d22                progEEPage
                0x00004ac4                SystemReset
 .text          0x00005ffe      0x34a uart.o
                0x00006048                uart_get
                0x00006108                fill_Rx_buffer
                0x00006310                createRxBuff
                0x000060de                uart_putstr
                0x000061ec                __vector_25
                0x0000603c                uart_test
                0x00006302                releaseRxBuff
                0x00005ffe                uart_init
                0x000060fa                uart_crlf
                0x000061b4                send_Tx_buffer
                0x000060a2                uart_put
                0x0000628c                __vector_26
 .text          0x00006348      0x1da handler.o
                0x000064c4                Update_Reg_Handler
                0x00006348                Handler_Init
                0x00006478                Reg_Handler
                0x00006376                __vector_47
 .text          0x00006522      0x2ec twi.o
                0x00006634                TWI_MasterArbitrationLostBusErrorHandler
                0x00006556                TWI_MasterReady
                0x00006566                TWI_MasterWriteRead
                0x000067a0                TWI_MasterReleaseBuff
                0x00006616                TWI_MasterRead
                0x00006628                TWI_MasterWrite
                0x00006542                TWI_MasterState
                0x000067c0                TWI_MasterCreateBuff
                0x000066dc                TWI_MasterReadHandler
                0x0000665e                TWI_MasterWriteHandler
                0x0000675a                TWI_MasterInterruptHandler
                0x00006522                TWI_MasterInit
 .text          0x0000680e     0x3ce4 ff.o
                0x0000a480                f_gets
                0x00009c92                f_printf
                0x00008e2e                f_rename
                0x00008a90                f_chdir
                0x00008304                f_truncate
                0x00009376                f_unlink
                0x00009bf4                f_putc
                0x00009c4a                f_puts
                0x0000694a                f_chdrive
                0x00009786                f_close
                0x0000a12c                f_read
                0x000094a0                f_readdir
                0x00008da6                f_chmod
                0x000096e6                f_sync
                0x00006960                f_mkfs
                0x00006902                f_mount
                0x000089dc                f_opendir
                0x00007e52                f_lseek
                0x00008976                f_stat
                0x00008d18                f_utime
                0x000097a2                f_write
                0x00009efe                f_open
                0x00009058                f_mkdir
                0x00009530                f_getfree
 .text          0x0000a4f2      0xaac mmc.o
                0x0000add2                disk_initialize
                0x0000a7e6                disk_status
                0x0000a9ba                disk_ioctl
                0x0000ad20                disk_timerproc
                0x0000a8be                disk_write
                0x0000a7f4                disk_read
                0x0000ad6c                __vector_53
 .text          0x0000af9e       0x3a rtc.o
                0x0000afc8                rtc_init
                0x0000af9e                rtc_gettime
                0x0000afce                get_fattime
                0x0000afc2                rtc_settime
 .text          0x0000afd8      0x12c timer.o
                0x0000b0a6                timer_fine_tic
                0x0000b036                timer_init
                0x0000b05c                Wait
                0x0000b0b4                timer_fine_toc
                0x0000afd8                __vector_108
                0x0000b0c4                timer_coarse_tic
                0x0000b0ee                timer_coarse_toc
 .text          0x0000b104      0x202 eeprom_driver.o
                0x0000b104                EEPROM_ReadByte
                0x0000b152                EEPROM_WaitForNVM
                0x0000b1e4                EEPROM_LoadByte
                0x0000b2a6                EEPROM_SplitWritePage
                0x0000b22a                EEPROM_AtomicWritePage
                0x0000b202                EEPROM_LoadPage
                0x0000b2e4                EEPROM_EraseAll
                0x0000b15c                EEPROM_FlushBuffer
                0x0000b268                EEPROM_ErasePage
                0x0000b186                EEPROM_WriteByte
 .text          0x0000b306      0x214 xitoa.o
                0x0000b332                xitoa
                0x0000b464                xatoi
                0x0000b3a8                xprintf
                0x0000b324                xputs
                0x0000b306                xputc
 .text          0x0000b51a        0x0 c:/winavr-20100110/bin/../lib/gcc/avr/4.3.3/avrxmega7\libgcc.a(_mulsi3.o)
 .text          0x0000b51a        0x0 c:/winavr-20100110/bin/../lib/gcc/avr/4.3.3/avrxmega7\libgcc.a(_udivmodhi4.o)
 .text          0x0000b51a        0x0 c:/winavr-20100110/bin/../lib/gcc/avr/4.3.3/avrxmega7\libgcc.a(_divmodhi4.o)
 .text          0x0000b51a        0x0 c:/winavr-20100110/bin/../lib/gcc/avr/4.3.3/avrxmega7\libgcc.a(_udivmodsi4.o)
 .text          0x0000b51a        0x0 c:/winavr-20100110/bin/../lib/gcc/avr/4.3.3/avrxmega7\libgcc.a(_divmodsi4.o)
 .text          0x0000b51a        0x0 c:/winavr-20100110/bin/../lib/gcc/avr/4.3.3/avrxmega7\libgcc.a(_prologue.o)
 .text          0x0000b51a        0x0 c:/winavr-20100110/bin/../lib/gcc/avr/4.3.3/avrxmega7\libgcc.a(_epilogue.o)
 .text          0x0000b51a        0x0 c:/winavr-20100110/bin/../lib/gcc/avr/4.3.3/avrxmega7\libgcc.a(_exit.o)
 .text          0x0000b51a        0x0 c:/winavr-20100110/bin/../lib/gcc/avr/4.3.3/avrxmega7\libgcc.a(_tablejump.o)
 .text          0x0000b51a        0x0 c:/winavr-20100110/bin/../lib/gcc/avr/4.3.3/avrxmega7\libgcc.a(_clear_bss.o)
 .text          0x0000b51a        0x0 c:/winavr-20100110/bin/../lib/gcc/avr/4.3.3/../../../../avr/lib/avrxmega7\libc.a(malloc.o)
 .text          0x0000b51a        0x0 c:/winavr-20100110/bin/../lib/gcc/avr/4.3.3/../../../../avr/lib/avrxmega7\libc.a(strtoul.o)
 .text          0x0000b51a        0x0 c:/winavr-20100110/bin/../lib/gcc/avr/4.3.3/../../../../avr/lib/avrxmega7\libc.a(isspace.o)
 .text          0x0000b51a        0x0 c:/winavr-20100110/bin/../lib/gcc/avr/4.3.3/../../../../avr/lib/avrxmega7\libc.a(sprintf.o)
 .text          0x0000b51a        0x0 c:/winavr-20100110/bin/../lib/gcc/avr/4.3.3/../../../../avr/lib/avrxmega7\libc.a(vfprintf_std.o)
 .text          0x0000b51a        0x0 c:/winavr-20100110/bin/../lib/gcc/avr/4.3.3/../../../../avr/lib/avrxmega7\libc.a(eerd_byte_atxmega128a1.o)
 .text          0x0000b51a        0x0 c:/winavr-20100110/bin/../lib/gcc/avr/4.3.3/../../../../avr/lib/avrxmega7\libc.a(eewr_byte_atxmega128a1.o)
 .text          0x0000b51a        0x0 c:/winavr-20100110/bin/../lib/gcc/avr/4.3.3/../../../../avr/lib/avrxmega7\libc.a(errno.o)
 .text          0x0000b51a        0x0 c:/winavr-20100110/bin/../lib/gcc/avr/4.3.3/../../../../avr/lib/avrxmega7\libc.a(cty_isfalse.o)
 .text          0x0000b51a        0x0 c:/winavr-20100110/bin/../lib/gcc/avr/4.3.3/../../../../avr/lib/avrxmega7\libc.a(strnlen_P.o)
 .text          0x0000b51a        0x0 c:/winavr-20100110/bin/../lib/gcc/avr/4.3.3/../../../../avr/lib/avrxmega7\libc.a(strnlen.o)
 .text          0x0000b51a        0x0 c:/winavr-20100110/bin/../lib/gcc/avr/4.3.3/../../../../avr/lib/avrxmega7\libc.a(fputc.o)
 .text          0x0000b51a        0x0 c:/winavr-20100110/bin/../lib/gcc/avr/4.3.3/../../../../avr/lib/avrxmega7\libc.a(ultoa_invert.o)
                0x0000b51a                . = ALIGN (0x2)
 *(.text.*)
 .text.libgcc   0x0000b51a       0x3e c:/winavr-20100110/bin/../lib/gcc/avr/4.3.3/avrxmega7\libgcc.a(_mulsi3.o)
                0x0000b51a                __mulsi3
 .text.libgcc   0x0000b558       0x28 c:/winavr-20100110/bin/../lib/gcc/avr/4.3.3/avrxmega7\libgcc.a(_udivmodhi4.o)
                0x0000b558                __udivmodhi4
 .text.libgcc   0x0000b580       0x26 c:/winavr-20100110/bin/../lib/gcc/avr/4.3.3/avrxmega7\libgcc.a(_divmodhi4.o)
                0x0000b580                __divmodhi4
                0x0000b580                _div
 .text.libgcc   0x0000b5a6       0x44 c:/winavr-20100110/bin/../lib/gcc/avr/4.3.3/avrxmega7\libgcc.a(_udivmodsi4.o)
                0x0000b5a6                __udivmodsi4
 .text.libgcc   0x0000b5ea       0x36 c:/winavr-20100110/bin/../lib/gcc/avr/4.3.3/avrxmega7\libgcc.a(_divmodsi4.o)
                0x0000b5ea                __divmodsi4
 .text.libgcc   0x0000b620       0x38 c:/winavr-20100110/bin/../lib/gcc/avr/4.3.3/avrxmega7\libgcc.a(_prologue.o)
                0x0000b620                __prologue_saves__
 .text.libgcc   0x0000b658       0x36 c:/winavr-20100110/bin/../lib/gcc/avr/4.3.3/avrxmega7\libgcc.a(_epilogue.o)
                0x0000b658                __epilogue_restores__
 .text.libgcc   0x0000b68e        0x0 c:/winavr-20100110/bin/../lib/gcc/avr/4.3.3/avrxmega7\libgcc.a(_exit.o)
 .text.libgcc   0x0000b68e        0xc c:/winavr-20100110/bin/../lib/gcc/avr/4.3.3/avrxmega7\libgcc.a(_tablejump.o)
                0x0000b692                __tablejump__
                0x0000b68e                __tablejump2__
 .text.libgcc   0x0000b69a        0x0 c:/winavr-20100110/bin/../lib/gcc/avr/4.3.3/avrxmega7\libgcc.a(_clear_bss.o)
 .text.avr-libc
                0x0000b69a      0x20a c:/winavr-20100110/bin/../lib/gcc/avr/4.3.3/../../../../avr/lib/avrxmega7\libc.a(malloc.o)
                0x0000b69a                malloc
                0x0000b7f4                free
 .text.avr-libc
                0x0000b8a4      0x22c c:/winavr-20100110/bin/../lib/gcc/avr/4.3.3/../../../../avr/lib/avrxmega7\libc.a(strtoul.o)
                0x0000b8a4                strtoul
 .text.avr-libc
                0x0000bad0       0x10 c:/winavr-20100110/bin/../lib/gcc/avr/4.3.3/../../../../avr/lib/avrxmega7\libc.a(isspace.o)
                0x0000bad0                isspace
 .text.avr-libc
                0x0000bae0       0x56 c:/winavr-20100110/bin/../lib/gcc/avr/4.3.3/../../../../avr/lib/avrxmega7\libc.a(sprintf.o)
                0x0000bae0                sprintf
 .text.avr-libc
                0x0000bb36      0x400 c:/winavr-20100110/bin/../lib/gcc/avr/4.3.3/../../../../avr/lib/avrxmega7\libc.a(vfprintf_std.o)
                0x0000bb36                vfprintf
 .text.avr-libc
                0x0000bf36       0x20 c:/winavr-20100110/bin/../lib/gcc/avr/4.3.3/../../../../avr/lib/avrxmega7\libc.a(eerd_byte_atxmega128a1.o)
                0x0000bf36                __eerd_byte_x128a1
                0x0000bf3e                eeprom_mapen
 .text.avr-libc
                0x0000bf56       0x46 c:/winavr-20100110/bin/../lib/gcc/avr/4.3.3/../../../../avr/lib/avrxmega7\libc.a(eewr_byte_atxmega128a1.o)
                0x0000bf56                __eewr_byte_x128a1
                0x0000bf58                __eewr_r18_x128a1
 .text.avr-libc
                0x0000bf9c        0x6 c:/winavr-20100110/bin/../lib/gcc/avr/4.3.3/../../../../avr/lib/avrxmega7\libc.a(cty_isfalse.o)
                0x0000bfa0                __ctype_istrue
                0x0000bf9c                __ctype_isfalse
 .text.avr-libc
                0x0000bfa2       0x16 c:/winavr-20100110/bin/../lib/gcc/avr/4.3.3/../../../../avr/lib/avrxmega7\libc.a(strnlen_P.o)
                0x0000bfa2                strnlen_P
 .text.avr-libc
                0x0000bfb8       0x16 c:/winavr-20100110/bin/../lib/gcc/avr/4.3.3/../../../../avr/lib/avrxmega7\libc.a(strnlen.o)
                0x0000bfb8                strnlen
 .text.avr-libc
                0x0000bfce       0x58 c:/winavr-20100110/bin/../lib/gcc/avr/4.3.3/../../../../avr/lib/avrxmega7\libc.a(fputc.o)
                0x0000bfce                fputc
 .text.avr-libc
                0x0000c026       0xbc c:/winavr-20100110/bin/../lib/gcc/avr/4.3.3/../../../../avr/lib/avrxmega7\libc.a(ultoa_invert.o)
                0x0000c026                __ultoa_invert
                0x0000c0e2                . = ALIGN (0x2)
 *(.fini9)
 .fini9         0x0000c0e2        0x0 c:/winavr-20100110/bin/../lib/gcc/avr/4.3.3/avrxmega7\libgcc.a(_exit.o)
                0x0000c0e2                exit
                0x0000c0e2                _exit
 *(.fini9)
 *(.fini8)
 *(.fini8)
 *(.fini7)
 *(.fini7)
 *(.fini6)
 *(.fini6)
 *(.fini5)
 *(.fini5)
 *(.fini4)
 *(.fini4)
 *(.fini3)
 *(.fini3)
 *(.fini2)
 *(.fini2)
 *(.fini1)
 *(.fini1)
 *(.fini0)
 .fini0         0x0000c0e2        0x4 c:/winavr-20100110/bin/../lib/gcc/avr/4.3.3/avrxmega7\libgcc.a(_exit.o)
 *(.fini0)
                0x0000c0e6                _etext = .

.data           0x00802000      0x4e8 load address 0x0000c0e6
                0x00802000                PROVIDE (__data_start, .)
 *(.data)
 .data          0x00802000        0x0 c:/winavr-20100110/bin/../lib/gcc/avr/4.3.3/../../../../avr/lib/avrxmega7/crtx128a1.o
 .data          0x00802000      0x3d1 main.o
                0x0080209f                resolution_y
                0x008020ab                funcSize_x
                0x008020a3                default_func_x
                0x008020b4                num_buffer_load_x
                0x008020b3                quiet_mode_on
                0x008020a5                functionX_rate
                0x008020af                funcSize_y
                0x008020a4                default_func_y
                0x0080209d                resolution_x
                0x008020b6                num_buffer_load_y
                0x0080209c                Stop
                0x008020a1                next_block_x
                0x008020a7                functionY_rate
                0x008020a2                next_block_y
                0x008020a9                trigger_rate
 .data          0x008023d1       0x16 utils.o
 .data          0x008023e7        0x0 uart.o
 .data          0x008023e7        0x0 handler.o
 .data          0x008023e7        0x0 twi.o
 .data          0x008023e7       0xf9 ff.o
 .data          0x008024e0        0x1 mmc.o
 .data          0x008024e1        0x0 rtc.o
 .data          0x008024e1        0x0 timer.o
 .data          0x008024e1        0x0 eeprom_driver.o
 .data          0x008024e1        0x0 xitoa.o
 .data          0x008024e1        0x0 c:/winavr-20100110/bin/../lib/gcc/avr/4.3.3/avrxmega7\libgcc.a(_mulsi3.o)
 .data          0x008024e1        0x0 c:/winavr-20100110/bin/../lib/gcc/avr/4.3.3/avrxmega7\libgcc.a(_udivmodhi4.o)
 .data          0x008024e1        0x0 c:/winavr-20100110/bin/../lib/gcc/avr/4.3.3/avrxmega7\libgcc.a(_divmodhi4.o)
 .data          0x008024e1        0x0 c:/winavr-20100110/bin/../lib/gcc/avr/4.3.3/avrxmega7\libgcc.a(_udivmodsi4.o)
 .data          0x008024e1        0x0 c:/winavr-20100110/bin/../lib/gcc/avr/4.3.3/avrxmega7\libgcc.a(_divmodsi4.o)
 .data          0x008024e1        0x0 c:/winavr-20100110/bin/../lib/gcc/avr/4.3.3/avrxmega7\libgcc.a(_prologue.o)
 .data          0x008024e1        0x0 c:/winavr-20100110/bin/../lib/gcc/avr/4.3.3/avrxmega7\libgcc.a(_epilogue.o)
 .data          0x008024e1        0x0 c:/winavr-20100110/bin/../lib/gcc/avr/4.3.3/avrxmega7\libgcc.a(_exit.o)
 .data          0x008024e1        0x0 c:/winavr-20100110/bin/../lib/gcc/avr/4.3.3/avrxmega7\libgcc.a(_tablejump.o)
 .data          0x008024e1        0x0 c:/winavr-20100110/bin/../lib/gcc/avr/4.3.3/avrxmega7\libgcc.a(_clear_bss.o)
 .data          0x008024e1        0x6 c:/winavr-20100110/bin/../lib/gcc/avr/4.3.3/../../../../avr/lib/avrxmega7\libc.a(malloc.o)
                0x008024e3                __malloc_heap_start
                0x008024e5                __malloc_heap_end
                0x008024e1                __malloc_margin
 .data          0x008024e7        0x0 c:/winavr-20100110/bin/../lib/gcc/avr/4.3.3/../../../../avr/lib/avrxmega7\libc.a(strtoul.o)
 .data          0x008024e7        0x0 c:/winavr-20100110/bin/../lib/gcc/avr/4.3.3/../../../../avr/lib/avrxmega7\libc.a(isspace.o)
 .data          0x008024e7        0x0 c:/winavr-20100110/bin/../lib/gcc/avr/4.3.3/../../../../avr/lib/avrxmega7\libc.a(sprintf.o)
 .data          0x008024e7        0x0 c:/winavr-20100110/bin/../lib/gcc/avr/4.3.3/../../../../avr/lib/avrxmega7\libc.a(vfprintf_std.o)
 .data          0x008024e7        0x0 c:/winavr-20100110/bin/../lib/gcc/avr/4.3.3/../../../../avr/lib/avrxmega7\libc.a(eerd_byte_atxmega128a1.o)
 .data          0x008024e7        0x0 c:/winavr-20100110/bin/../lib/gcc/avr/4.3.3/../../../../avr/lib/avrxmega7\libc.a(eewr_byte_atxmega128a1.o)
 .data          0x008024e7        0x0 c:/winavr-20100110/bin/../lib/gcc/avr/4.3.3/../../../../avr/lib/avrxmega7\libc.a(errno.o)
 .data          0x008024e7        0x0 c:/winavr-20100110/bin/../lib/gcc/avr/4.3.3/../../../../avr/lib/avrxmega7\libc.a(cty_isfalse.o)
 .data          0x008024e7        0x0 c:/winavr-20100110/bin/../lib/gcc/avr/4.3.3/../../../../avr/lib/avrxmega7\libc.a(strnlen_P.o)
 .data          0x008024e7        0x0 c:/winavr-20100110/bin/../lib/gcc/avr/4.3.3/../../../../avr/lib/avrxmega7\libc.a(strnlen.o)
 .data          0x008024e7        0x0 c:/winavr-20100110/bin/../lib/gcc/avr/4.3.3/../../../../avr/lib/avrxmega7\libc.a(fputc.o)
 .data          0x008024e7        0x0 c:/winavr-20100110/bin/../lib/gcc/avr/4.3.3/../../../../avr/lib/avrxmega7\libc.a(ultoa_invert.o)
 *(.data*)
 *(.rodata)
 *(.rodata*)
 *(.gnu.linkonce.d*)
                0x008024e8                . = ALIGN (0x2)
 *fill*         0x008024e7        0x1 00
                0x008024e8                _edata = .
                0x008024e8                PROVIDE (__data_end, .)

.bss            0x008024e8      0x733
                0x008024e8                PROVIDE (__bss_start, .)
 *(.bss)
 .bss           0x008024e8        0x0 c:/winavr-20100110/bin/../lib/gcc/avr/4.3.3/../../../../avr/lib/avrxmega7/crtx128a1.o
 .bss           0x008024e8       0x35 main.o
                0x008024f9                last_load_x
                0x008024ed                frame_num
                0x008024f4                func_buffer_size_y
                0x008024f1                func_write_index_x
                0x008024ef                func_read_index_x
                0x008024f7                func_ID_Y
                0x008024f3                func_buffer_size_x
                0x008024e9                x_gt_y
                0x008024f2                func_write_index_y
                0x008024ea                Laser_active
                0x008024ec                num_panels
                0x008024eb                FSMutex
                0x008024f0                func_read_index_y
                0x008024fb                last_load_y
                0x008024f5                func_ID_X
                0x008024e8                display_flag
 .bss           0x0080251d        0x0 utils.o
 .bss           0x0080251d       0x4d uart.o
 .bss           0x0080256a        0x0 handler.o
 .bss           0x0080256a        0x0 twi.o
 .bss           0x0080256a        0x7 ff.o
 .bss           0x00802571        0x4 mmc.o
 .bss           0x00802575        0x0 rtc.o
 .bss           0x00802575        0x4 timer.o
                0x00802575                ticks
 .bss           0x00802579        0x0 eeprom_driver.o
 .bss           0x00802579        0x2 xitoa.o
                0x00802579                xfunc_out
 .bss           0x0080257b        0x0 c:/winavr-20100110/bin/../lib/gcc/avr/4.3.3/avrxmega7\libgcc.a(_mulsi3.o)
 .bss           0x0080257b        0x0 c:/winavr-20100110/bin/../lib/gcc/avr/4.3.3/avrxmega7\libgcc.a(_udivmodhi4.o)
 .bss           0x0080257b        0x0 c:/winavr-20100110/bin/../lib/gcc/avr/4.3.3/avrxmega7\libgcc.a(_divmodhi4.o)
 .bss           0x0080257b        0x0 c:/winavr-20100110/bin/../lib/gcc/avr/4.3.3/avrxmega7\libgcc.a(_udivmodsi4.o)
 .bss           0x0080257b        0x0 c:/winavr-20100110/bin/../lib/gcc/avr/4.3.3/avrxmega7\libgcc.a(_divmodsi4.o)
 .bss           0x0080257b        0x0 c:/winavr-20100110/bin/../lib/gcc/avr/4.3.3/avrxmega7\libgcc.a(_prologue.o)
 .bss           0x0080257b        0x0 c:/winavr-20100110/bin/../lib/gcc/avr/4.3.3/avrxmega7\libgcc.a(_epilogue.o)
 .bss           0x0080257b        0x0 c:/winavr-20100110/bin/../lib/gcc/avr/4.3.3/avrxmega7\libgcc.a(_exit.o)
 .bss           0x0080257b        0x0 c:/winavr-20100110/bin/../lib/gcc/avr/4.3.3/avrxmega7\libgcc.a(_tablejump.o)
 .bss           0x0080257b        0x0 c:/winavr-20100110/bin/../lib/gcc/avr/4.3.3/avrxmega7\libgcc.a(_clear_bss.o)
 .bss           0x0080257b        0x0 c:/winavr-20100110/bin/../lib/gcc/avr/4.3.3/../../../../avr/lib/avrxmega7\libc.a(malloc.o)
 .bss           0x0080257b        0x0 c:/winavr-20100110/bin/../lib/gcc/avr/4.3.3/../../../../avr/lib/avrxmega7\libc.a(strtoul.o)
 .bss           0x0080257b        0x0 c:/winavr-20100110/bin/../lib/gcc/avr/4.3.3/../../../../avr/lib/avrxmega7\libc.a(isspace.o)
 .bss           0x0080257b        0x0 c:/winavr-20100110/bin/../lib/gcc/avr/4.3.3/../../../../avr/lib/avrxmega7\libc.a(sprintf.o)
 .bss           0x0080257b        0x0 c:/winavr-20100110/bin/../lib/gcc/avr/4.3.3/../../../../avr/lib/avrxmega7\libc.a(vfprintf_std.o)
 .bss           0x0080257b        0x0 c:/winavr-20100110/bin/../lib/gcc/avr/4.3.3/../../../../avr/lib/avrxmega7\libc.a(eerd_byte_atxmega128a1.o)
 .bss           0x0080257b        0x0 c:/winavr-20100110/bin/../lib/gcc/avr/4.3.3/../../../../avr/lib/avrxmega7\libc.a(eewr_byte_atxmega128a1.o)
 .bss           0x0080257b        0x0 c:/winavr-20100110/bin/../lib/gcc/avr/4.3.3/../../../../avr/lib/avrxmega7\libc.a(errno.o)
 .bss           0x0080257b        0x0 c:/winavr-20100110/bin/../lib/gcc/avr/4.3.3/../../../../avr/lib/avrxmega7\libc.a(cty_isfalse.o)
 .bss           0x0080257b        0x0 c:/winavr-20100110/bin/../lib/gcc/avr/4.3.3/../../../../avr/lib/avrxmega7\libc.a(strnlen_P.o)
 .bss           0x0080257b        0x0 c:/winavr-20100110/bin/../lib/gcc/avr/4.3.3/../../../../avr/lib/avrxmega7\libc.a(strnlen.o)
 .bss           0x0080257b        0x0 c:/winavr-20100110/bin/../lib/gcc/avr/4.3.3/../../../../avr/lib/avrxmega7\libc.a(fputc.o)
 .bss           0x0080257b        0x0 c:/winavr-20100110/bin/../lib/gcc/avr/4.3.3/../../../../avr/lib/avrxmega7\libc.a(ultoa_invert.o)
 *(.bss*)
 *(COMMON)
 COMMON         0x0080257b      0x658 main.o
                0x0080257b                file2
                0x0080259b                bias_x
                0x0080259c                twi4
                0x008025ab                y_num
                0x008025ad                row_compress
                0x008025ae                function_Y
                0x00802676                Y_pos_index
                0x00802678                twi1
                0x00802687                laserPattern
                0x00802704                X_pos_index
                0x00802706                file3
                0x00802726                twi3
                0x00802735                gs_value
                0x00802736                chMap
                0x008027b7                x_mode
                0x008027b8                bytes_per_panel_frame
                0x008027b9                index_x
                0x008027bb                gain_y
                0x008027bc                fsMutex
                0x008027bd                start_block
                0x008027c1                file5
                0x008027e1                file6
                0x00802801                y_mode
                0x00802802                gain_x
                0x00802803                file4
                0x00802823                x_num
                0x00802825                function_X
                0x008028ed                adrMap
                0x0080296e                index_y
                0x00802970                file1
                0x00802990                twi2
                0x0080299f                ident_compress
                0x008029a0                fatfs
                0x00802bd2                bias_y
 COMMON         0x00802bd3       0x42 handler.o
                0x00802bd3                p_handler_func
                0x00802bdf                mask
                0x00802be5                start_count
                0x00802bfd                count
 COMMON         0x00802c15        0x4 c:/winavr-20100110/bin/../lib/gcc/avr/4.3.3/../../../../avr/lib/avrxmega7\libc.a(malloc.o)
                0x00802c15                __brkval
                0x00802c17                __flp
 COMMON         0x00802c19        0x2 c:/winavr-20100110/bin/../lib/gcc/avr/4.3.3/../../../../avr/lib/avrxmega7\libc.a(errno.o)
                0x00802c19                errno
                0x00802c1b                PROVIDE (__bss_end, .)
                0x0000c0e6                __data_load_start = LOADADDR (.data)
                0x0000c5ce                __data_load_end = (__data_load_start + SIZEOF (.data))

.noinit         0x00802c1b        0x0
                0x00802c1b                PROVIDE (__noinit_start, .)
 *(.noinit*)
                0x00802c1b                PROVIDE (__noinit_end, .)
                0x00802c1b                _end = .
                0x00802c1b                PROVIDE (__heap_start, .)

.eeprom         0x00810000       0x82
 *(.eeprom*)
 .eeprom        0x00810000       0x82 main.o
                0x00810000                work_mode
                0x00810001                arena_config
                0x00810082                __eeprom_end = .

.fuse
 *(.fuse)
 *(.lfuse)
 *(.hfuse)
 *(.efuse)

.lock
 *(.lock*)

.signature
 *(.signature*)

.stab           0x00000000      0xd08
 *(.stab)
 .stab          0x00000000      0xd08 xitoa.o

.stabstr        0x00000000       0x70
 *(.stabstr)
 .stabstr       0x00000000       0x70 xitoa.o

.stab.excl
 *(.stab.excl)

.stab.exclstr
 *(.stab.exclstr)

.stab.index
 *(.stab.index)

.stab.indexstr
 *(.stab.indexstr)

.comment
 *(.comment)

.debug
 *(.debug)

.line
 *(.line)

.debug_srcinfo
 *(.debug_srcinfo)

.debug_sfnames
 *(.debug_sfnames)

.debug_aranges  0x00000000      0x140
 *(.debug_aranges)
 .debug_aranges
                0x00000000       0x20 main.o
 .debug_aranges
                0x00000020       0x20 utils.o
 .debug_aranges
                0x00000040       0x20 uart.o
 .debug_aranges
                0x00000060       0x20 handler.o
 .debug_aranges
                0x00000080       0x20 twi.o
 .debug_aranges
                0x000000a0       0x20 ff.o
 .debug_aranges
                0x000000c0       0x20 mmc.o
 .debug_aranges
                0x000000e0       0x20 rtc.o
 .debug_aranges
                0x00000100       0x20 timer.o
 .debug_aranges
                0x00000120       0x20 eeprom_driver.o

.debug_pubnames
                0x00000000      0xe8a
 *(.debug_pubnames)
 .debug_pubnames
                0x00000000      0x6a9 main.o
 .debug_pubnames
                0x000006a9      0x1a7 utils.o
 .debug_pubnames
                0x00000850       0xcf uart.o
 .debug_pubnames
                0x0000091f       0x90 handler.o
 .debug_pubnames
                0x000009af      0x140 twi.o
 .debug_pubnames
                0x00000aef      0x144 ff.o
 .debug_pubnames
                0x00000c33       0x85 mmc.o
 .debug_pubnames
                0x00000cb8       0x4f rtc.o
 .debug_pubnames
                0x00000d07       0x95 timer.o
 .debug_pubnames
                0x00000d9c       0xee eeprom_driver.o

.debug_info     0x00000000     0x9be1
 *(.debug_info)
 .debug_info    0x00000000     0x2658 main.o
 .debug_info    0x00002658     0x2163 utils.o
 .debug_info    0x000047bb      0x488 uart.o
 .debug_info    0x00004c43      0x7c7 handler.o
 .debug_info    0x0000540a      0x713 twi.o
 .debug_info    0x00005b1d     0x23bb ff.o
 .debug_info    0x00007ed8      0x942 mmc.o
 .debug_info    0x0000881a      0x1f5 rtc.o
 .debug_info    0x00008a0f      0xbfd timer.o
 .debug_info    0x0000960c      0x5d5 eeprom_driver.o
 *(.gnu.linkonce.wi.*)

.debug_abbrev   0x00000000     0x1621
 *(.debug_abbrev)
 .debug_abbrev  0x00000000      0x369 main.o
 .debug_abbrev  0x00000369      0x40f utils.o
 .debug_abbrev  0x00000778      0x1a2 uart.o
 .debug_abbrev  0x0000091a      0x134 handler.o
 .debug_abbrev  0x00000a4e      0x1c2 twi.o
 .debug_abbrev  0x00000c10      0x337 ff.o
 .debug_abbrev  0x00000f47      0x282 mmc.o
 .debug_abbrev  0x000011c9      0x13e rtc.o
 .debug_abbrev  0x00001307      0x12a timer.o
 .debug_abbrev  0x00001431      0x1f0 eeprom_driver.o

.debug_line     0x00000000     0x6947
 *(.debug_line)
 .debug_line    0x00000000     0x1c70 main.o
 .debug_line    0x00001c70     0x12a8 utils.o
 .debug_line    0x00002f18      0x3f4 uart.o
 .debug_line    0x0000330c      0x1b7 handler.o
 .debug_line    0x000034c3      0x3f9 twi.o
 .debug_line    0x000038bc     0x2243 ff.o
 .debug_line    0x00005aff      0x853 mmc.o
 .debug_line    0x00006352       0xcd rtc.o
 .debug_line    0x0000641f      0x1b5 timer.o
 .debug_line    0x000065d4      0x373 eeprom_driver.o

.debug_frame    0x00000000      0xa80
 *(.debug_frame)
 .debug_frame   0x00000000      0x220 main.o
 .debug_frame   0x00000220      0x190 utils.o
 .debug_frame   0x000003b0       0xd0 uart.o
 .debug_frame   0x00000480       0x50 handler.o
 .debug_frame   0x000004d0       0xd0 twi.o
 .debug_frame   0x000005a0      0x290 ff.o
 .debug_frame   0x00000830       0xd0 mmc.o
 .debug_frame   0x00000900       0x50 rtc.o
 .debug_frame   0x00000950       0x80 timer.o
 .debug_frame   0x000009d0       0xb0 eeprom_driver.o

.debug_str      0x00000000     0x220a
 *(.debug_str)
 .debug_str     0x00000000      0xd6b main.o
                                0xe40 (size before relaxing)
 .debug_str     0x00000d6b      0x61e utils.o
                                0xb79 (size before relaxing)
 .debug_str     0x00001389      0x10d uart.o
                                0x223 (size before relaxing)
 .debug_str     0x00001496       0xb2 handler.o
                                0x3ce (size before relaxing)
 .debug_str     0x00001548      0x2a1 twi.o
                                0x59b (size before relaxing)
 .debug_str     0x000017e9      0x32d ff.o
                                0x654 (size before relaxing)
 .debug_str     0x00001b16      0x20b mmc.o
                                0x433 (size before relaxing)
 .debug_str     0x00001d21       0x53 rtc.o
                                0x11f (size before relaxing)
 .debug_str     0x00001d74       0x71 timer.o
                                0x412 (size before relaxing)
 .debug_str     0x00001de5      0x425 eeprom_driver.o
                                0x51d (size before relaxing)

.debug_loc      0x00000000     0x7c34
 *(.debug_loc)
 .debug_loc     0x00000000     0x1884 main.o
 .debug_loc     0x00001884      0xdf6 utils.o
 .debug_loc     0x0000267a      0x281 uart.o
 .debug_loc     0x000028fb       0x7f handler.o
 .debug_loc     0x0000297a      0x377 twi.o
 .debug_loc     0x00002cf1     0x4682 ff.o
 .debug_loc     0x00007373      0x62c mmc.o
 .debug_loc     0x0000799f       0x40 rtc.o
 .debug_loc     0x000079df       0x6a timer.o
 .debug_loc     0x00007a49      0x1eb eeprom_driver.o

.debug_macinfo
 *(.debug_macinfo)
OUTPUT(panelcontroller.elf elf32-avr)
LOAD linker stubs

.debug_ranges   0x00000000      0x2a0
 .debug_ranges  0x00000000       0x90 main.o
 .debug_ranges  0x00000090      0x180 utils.o
 .debug_ranges  0x00000210       0x60 ff.o
 .debug_ranges  0x00000270       0x30 mmc.o
