Archive member included because of file (symbol)

c:/winavr-20100110/bin/../lib/gcc/avr/4.3.3/avrxmega7\libgcc.a(_mulsi3.o)
                              main.o (__mulsi3)
c:/winavr-20100110/bin/../lib/gcc/avr/4.3.3/avrxmega7\libgcc.a(_udivmodhi4.o)
                              main.o (__udivmodhi4)
c:/winavr-20100110/bin/../lib/gcc/avr/4.3.3/avrxmega7\libgcc.a(_divmodhi4.o)
                              main.o (__divmodhi4)
c:/winavr-20100110/bin/../lib/gcc/avr/4.3.3/avrxmega7\libgcc.a(_udivmodsi4.o)
                              main.o (__udivmodsi4)
c:/winavr-20100110/bin/../lib/gcc/avr/4.3.3/avrxmega7\libgcc.a(_divmodsi4.o)
                              main.o (__divmodsi4)
c:/winavr-20100110/bin/../lib/gcc/avr/4.3.3/avrxmega7\libgcc.a(_prologue.o)
                              main.o (__prologue_saves__)
c:/winavr-20100110/bin/../lib/gcc/avr/4.3.3/avrxmega7\libgcc.a(_epilogue.o)
                              main.o (__epilogue_restores__)
c:/winavr-20100110/bin/../lib/gcc/avr/4.3.3/avrxmega7\libgcc.a(_exit.o)
                              c:/winavr-20100110/bin/../lib/gcc/avr/4.3.3/../../../../avr/lib/avrxmega7/crtx128a1.o (exit)
c:/winavr-20100110/bin/../lib/gcc/avr/4.3.3/avrxmega7\libgcc.a(_tablejump.o)
                              main.o (__tablejump2__)
c:/winavr-20100110/bin/../lib/gcc/avr/4.3.3/avrxmega7\libgcc.a(_clear_bss.o)
                              main.o (__do_clear_bss)
c:/winavr-20100110/bin/../lib/gcc/avr/4.3.3/../../../../avr/lib/avrxmega7\libc.a(malloc.o)
                              uart.o (malloc)
c:/winavr-20100110/bin/../lib/gcc/avr/4.3.3/../../../../avr/lib/avrxmega7\libc.a(strtoul.o)
                              utils.o (strtoul)
c:/winavr-20100110/bin/../lib/gcc/avr/4.3.3/../../../../avr/lib/avrxmega7\libc.a(isspace.o)
                              c:/winavr-20100110/bin/../lib/gcc/avr/4.3.3/../../../../avr/lib/avrxmega7\libc.a(strtoul.o) (isspace)
c:/winavr-20100110/bin/../lib/gcc/avr/4.3.3/../../../../avr/lib/avrxmega7\libc.a(sprintf.o)
                              main.o (sprintf)
c:/winavr-20100110/bin/../lib/gcc/avr/4.3.3/../../../../avr/lib/avrxmega7\libc.a(vfprintf_std.o)
                              c:/winavr-20100110/bin/../lib/gcc/avr/4.3.3/../../../../avr/lib/avrxmega7\libc.a(sprintf.o) (vfprintf)
c:/winavr-20100110/bin/../lib/gcc/avr/4.3.3/../../../../avr/lib/avrxmega7\libc.a(eerd_byte_atxmega128a1.o)
                              main.o (__eerd_byte_x128a1)
c:/winavr-20100110/bin/../lib/gcc/avr/4.3.3/../../../../avr/lib/avrxmega7\libc.a(eewr_byte_atxmega128a1.o)
                              main.o (__eewr_byte_x128a1)
c:/winavr-20100110/bin/../lib/gcc/avr/4.3.3/../../../../avr/lib/avrxmega7\libc.a(errno.o)
                              c:/winavr-20100110/bin/../lib/gcc/avr/4.3.3/../../../../avr/lib/avrxmega7\libc.a(strtoul.o) (errno)
c:/winavr-20100110/bin/../lib/gcc/avr/4.3.3/../../../../avr/lib/avrxmega7\libc.a(cty_isfalse.o)
                              c:/winavr-20100110/bin/../lib/gcc/avr/4.3.3/../../../../avr/lib/avrxmega7\libc.a(isspace.o) (__ctype_isfalse)
c:/winavr-20100110/bin/../lib/gcc/avr/4.3.3/../../../../avr/lib/avrxmega7\libc.a(strnlen_P.o)
                              c:/winavr-20100110/bin/../lib/gcc/avr/4.3.3/../../../../avr/lib/avrxmega7\libc.a(vfprintf_std.o) (strnlen_P)
c:/winavr-20100110/bin/../lib/gcc/avr/4.3.3/../../../../avr/lib/avrxmega7\libc.a(strnlen.o)
                              c:/winavr-20100110/bin/../lib/gcc/avr/4.3.3/../../../../avr/lib/avrxmega7\libc.a(vfprintf_std.o) (strnlen)
c:/winavr-20100110/bin/../lib/gcc/avr/4.3.3/../../../../avr/lib/avrxmega7\libc.a(fputc.o)
                              c:/winavr-20100110/bin/../lib/gcc/avr/4.3.3/../../../../avr/lib/avrxmega7\libc.a(vfprintf_std.o) (fputc)
c:/winavr-20100110/bin/../lib/gcc/avr/4.3.3/../../../../avr/lib/avrxmega7\libc.a(ultoa_invert.o)
                              c:/winavr-20100110/bin/../lib/gcc/avr/4.3.3/../../../../avr/lib/avrxmega7\libc.a(vfprintf_std.o) (__ultoa_invert)

Allocating common symbols
Common symbol       size              file

file2               0x20              main.o
bias_x              0x1               main.o
twi4                0xf               main.o
y_num               0x2               main.o
p_handler_func      0xc               handler.o
Y_val               0x2               main.o
errno               0x2               c:/winavr-20100110/bin/../lib/gcc/avr/4.3.3/../../../../avr/lib/avrxmega7\libc.a(errno.o)
row_compress        0x1               main.o
function_Y          0xc8              main.o
Y_pos_index         0x2               main.o
twi1                0xf               main.o
X_val               0x2               main.o
laserPattern        0x7d              main.o
mask                0x6               handler.o
X_pos_index         0x2               main.o
file3               0x20              main.o
start_count         0x18              handler.o
__brkval            0x2               c:/winavr-20100110/bin/../lib/gcc/avr/4.3.3/../../../../avr/lib/avrxmega7\libc.a(malloc.o)
twi3                0xf               main.o
gs_value            0x1               main.o
chMap               0x81              main.o
x_mode              0x1               main.o
bytes_per_panel_frame
                    0x1               main.o
index_x             0x2               main.o
gain_y              0x1               main.o
fsMutex             0x1               main.o
start_block         0x4               main.o
file5               0x20              main.o
count               0x18              handler.o
file6               0x20              main.o
y_mode              0x1               main.o
gain_x              0x1               main.o
file4               0x20              main.o
x_num               0x2               main.o
function_X          0xc8              main.o
adrMap              0x81              main.o
index_y             0x2               main.o
file1               0x20              main.o
__flp               0x2               c:/winavr-20100110/bin/../lib/gcc/avr/4.3.3/../../../../avr/lib/avrxmega7\libc.a(malloc.o)
twi2                0xf               main.o
ident_compress      0x1               main.o
fatfs               0x232             main.o
bias_y              0x1               main.o

Memory Configuration

Name             Origin             Length             Attributes
text             0x00000000         0x00100000         xr
data             0x00802000         0x0000ffa0         rw !x
eeprom           0x00810000         0x00010000         rw !x
fuse             0x00820000         0x00000400         rw !x
lock             0x00830000         0x00000400         rw !x
signature        0x00840000         0x00000400         rw !x
*default*        0x00000000         0xffffffff

Linker script and memory map

LOAD c:/winavr-20100110/bin/../lib/gcc/avr/4.3.3/../../../../avr/lib/avrxmega7/crtx128a1.o
LOAD main.o
LOAD utils.o
LOAD uart.o
LOAD handler.o
LOAD twi.o
LOAD ff.o
LOAD mmc.o
LOAD rtc.o
LOAD timer.o
LOAD eeprom_driver.o
LOAD xitoa.o
LOAD c:/winavr-20100110/bin/../lib/gcc/avr/4.3.3/avrxmega7\libgcc.a
LOAD c:/winavr-20100110/bin/../lib/gcc/avr/4.3.3/../../../../avr/lib/avrxmega7\libc.a
LOAD c:/winavr-20100110/bin/../lib/gcc/avr/4.3.3/avrxmega7\libgcc.a

.hash
 *(.hash)

.dynsym
 *(.dynsym)

.dynstr
 *(.dynstr)

.gnu.version
 *(.gnu.version)

.gnu.version_d
 *(.gnu.version_d)

.gnu.version_r
 *(.gnu.version_r)

.rel.init
 *(.rel.init)

.rela.init
 *(.rela.init)

.rel.text
 *(.rel.text)
 *(.rel.text.*)
 *(.rel.gnu.linkonce.t*)

.rela.text
 *(.rela.text)
 *(.rela.text.*)
 *(.rela.gnu.linkonce.t*)

.rel.fini
 *(.rel.fini)

.rela.fini
 *(.rela.fini)

.rel.rodata
 *(.rel.rodata)
 *(.rel.rodata.*)
 *(.rel.gnu.linkonce.r*)

.rela.rodata
 *(.rela.rodata)
 *(.rela.rodata.*)
 *(.rela.gnu.linkonce.r*)

.rel.data
 *(.rel.data)
 *(.rel.data.*)
 *(.rel.gnu.linkonce.d*)

.rela.data
 *(.rela.data)
 *(.rela.data.*)
 *(.rela.gnu.linkonce.d*)

.rel.ctors
 *(.rel.ctors)

.rela.ctors
 *(.rela.ctors)

.rel.dtors
 *(.rel.dtors)

.rela.dtors
 *(.rela.dtors)

.rel.got
 *(.rel.got)

.rela.got
 *(.rela.got)

.rel.bss
 *(.rel.bss)

.rela.bss
 *(.rela.bss)

.rel.plt
 *(.rel.plt)

.rela.plt
 *(.rela.plt)

.text           0x00000000     0xc166
 *(.vectors)
 .vectors       0x00000000      0x1f4 c:/winavr-20100110/bin/../lib/gcc/avr/4.3.3/../../../../avr/lib/avrxmega7/crtx128a1.o
                0x00000000                __vectors
                0x00000000                __vector_default
 *(.vectors)
 *(.progmem.gcc*)
 .progmem.gcc_sw_table
                0x000001f4       0x20 main.o
 .progmem.gcc_sw_table
                0x00000214       0x1e mmc.o
 *(.progmem*)
 .progmem.data  0x00000232      0xa66 main.o
 .progmem.data  0x00000c98      0x5cd utils.o
                0x00001266                . = ALIGN (0x2)
 *fill*         0x00001265        0x1 00
                0x00001266                __trampolines_start = .
 *(.trampolines)
 .trampolines   0x00001266        0x0 linker stubs
 *(.trampolines*)
                0x00001266                __trampolines_end = .
 *(.jumptables)
 *(.jumptables*)
 *(.lowtext)
 *(.lowtext*)
                0x00001266                __ctors_start = .
 *(.ctors)
                0x00001266                __ctors_end = .
                0x00001266                __dtors_start = .
 *(.dtors)
                0x00001266                __dtors_end = .
 SORT(*)(.ctors)
 SORT(*)(.dtors)
 *(.init0)
 .init0         0x00001266        0x0 c:/winavr-20100110/bin/../lib/gcc/avr/4.3.3/../../../../avr/lib/avrxmega7/crtx128a1.o
                0x00001266                __init
 *(.init0)
 *(.init1)
 *(.init1)
 *(.init2)
 .init2         0x00001266       0x18 c:/winavr-20100110/bin/../lib/gcc/avr/4.3.3/../../../../avr/lib/avrxmega7/crtx128a1.o
 *(.init2)
 *(.init3)
 *(.init3)
 *(.init4)
 .init4         0x0000127e       0x1c c:/winavr-20100110/bin/../lib/gcc/avr/4.3.3/../../../../avr/lib/avrxmega7/crtx128a1.o
                0x0000127e                __do_copy_data
 .init4         0x0000129a       0x10 c:/winavr-20100110/bin/../lib/gcc/avr/4.3.3/avrxmega7\libgcc.a(_clear_bss.o)
                0x0000129a                __do_clear_bss
 *(.init4)
 *(.init5)
 *(.init5)
 *(.init6)
 *(.init6)
 *(.init7)
 *(.init7)
 *(.init8)
 *(.init8)
 *(.init9)
 .init9         0x000012aa        0x8 c:/winavr-20100110/bin/../lib/gcc/avr/4.3.3/../../../../avr/lib/avrxmega7/crtx128a1.o
 *(.init9)
 *(.text)
 .text          0x000012b2        0x4 c:/winavr-20100110/bin/../lib/gcc/avr/4.3.3/../../../../avr/lib/avrxmega7/crtx128a1.o
                0x000012b2                __vector_38
                0x000012b2                __vector_104
                0x000012b2                __vector_22
                0x000012b2                __vector_63
                0x000012b2                __vector_28
                0x000012b2                __vector_67
                0x000012b2                __vector_1
                0x000012b2                __vector_119
                0x000012b2                __vector_32
                0x000012b2                __vector_75
                0x000012b2                __vector_71
                0x000012b2                __vector_91
                0x000012b2                __vector_34
                0x000012b2                __vector_62
                0x000012b2                __vector_77
                0x000012b2                __vector_102
                0x000012b2                __vector_24
                0x000012b2                __vector_12
                0x000012b2                __vector_55
                0x000012b2                __vector_69
                0x000012b2                __vector_81
                0x000012b2                __vector_90
                0x000012b2                __bad_interrupt
                0x000012b2                __vector_122
                0x000012b2                __vector_72
                0x000012b2                __vector_114
                0x000012b2                __vector_6
                0x000012b2                __vector_110
                0x000012b2                __vector_31
                0x000012b2                __vector_92
                0x000012b2                __vector_35
                0x000012b2                __vector_78
                0x000012b2                __vector_74
                0x000012b2                __vector_117
                0x000012b2                __vector_39
                0x000012b2                __vector_3
                0x000012b2                __vector_105
                0x000012b2                __vector_98
                0x000012b2                __vector_23
                0x000012b2                __vector_68
                0x000012b2                __vector_30
                0x000012b2                __vector_73
                0x000012b2                __vector_45
                0x000012b2                __vector_93
                0x000012b2                __vector_61
                0x000012b2                __vector_11
                0x000012b2                __vector_54
                0x000012b2                __vector_99
                0x000012b2                __vector_17
                0x000012b2                __vector_19
                0x000012b2                __vector_56
                0x000012b2                __vector_7
                0x000012b2                __vector_49
                0x000012b2                __vector_123
                0x000012b2                __vector_41
                0x000012b2                __vector_86
                0x000012b2                __vector_101
                0x000012b2                __vector_64
                0x000012b2                __vector_88
                0x000012b2                __vector_109
                0x000012b2                __vector_43
                0x000012b2                __vector_27
                0x000012b2                __vector_5
                0x000012b2                __vector_113
                0x000012b2                __vector_33
                0x000012b2                __vector_115
                0x000012b2                __vector_52
                0x000012b2                __vector_37
                0x000012b2                __vector_95
                0x000012b2                __vector_103
                0x000012b2                __vector_96
                0x000012b2                __vector_89
                0x000012b2                __vector_4
                0x000012b2                __vector_44
                0x000012b2                __vector_82
                0x000012b2                __vector_106
                0x000012b2                __vector_118
                0x000012b2                __vector_51
                0x000012b2                __vector_9
                0x000012b2                __vector_2
                0x000012b2                __vector_21
                0x000012b2                __vector_15
                0x000012b2                __vector_66
                0x000012b2                __vector_36
                0x000012b2                __vector_79
                0x000012b2                __vector_58
                0x000012b2                __vector_70
                0x000012b2                __vector_83
                0x000012b2                __vector_29
                0x000012b2                __vector_60
                0x000012b2                __vector_121
                0x000012b2                __vector_40
                0x000012b2                __vector_85
                0x000012b2                __vector_94
                0x000012b2                __vector_8
                0x000012b2                __vector_48
                0x000012b2                __vector_124
                0x000012b2                __vector_116
                0x000012b2                __vector_112
                0x000012b2                __vector_111
                0x000012b2                __vector_80
                0x000012b2                __vector_14
                0x000012b2                __vector_84
                0x000012b2                __vector_57
                0x000012b2                __vector_10
                0x000012b2                __vector_50
                0x000012b2                __vector_16
                0x000012b2                __vector_59
                0x000012b2                __vector_18
                0x000012b2                __vector_97
                0x000012b2                __vector_20
                0x000012b2                __vector_42
                0x000012b2                __vector_87
                0x000012b2                __vector_65
                0x000012b2                __vector_120
 .text          0x000012b6     0x3522 main.o
                0x000012d8                increment_index_x
                0x00001664                handle_message_length_63
                0x000019a8                fetch_update_funcX
                0x00001430                decrement_index_y
                0x00001cd0                update_funcCnt_x
                0x000027a0                handle_message_length_3
                0x0000469a                __vector_46
                0x000026a8                i2cMasterSend
                0x0000350e                set_pattern
                0x000038ae                handle_message_length_2
                0x00001696                dump_mat
                0x00004630                __vector_107
                0x0000275c                handle_message_length_4
                0x0000344c                benchmark_pattern
                0x000012b6                handle_message_length_62
                0x00002b40                Update_display
                0x00003718                handle_message_length_5
                0x00003958                handle_message_length_1
                0x0000476e                __vector_13
                0x00002a1c                set_hwConfig
                0x000014a0                __vector_100
                0x00001e9c                set_vel_func
                0x00001b30                update_funcCnt_y
                0x00002f7c                fetch_display_frame
                0x00004704                __vector_76
                0x00002ed0                display_dumped_frame
                0x00004138                main
                0x00001348                increment_index_y
                0x00001586                set_default_func
                0x000013c0                decrement_index_x
                0x00001820                fetch_update_funcY
                0x00002b38                toggle_trigger
                0x000022e4                set_pos_func
 .text          0x000047d8     0x18a6 utils.o
                0x00004e2c                verifyPage
                0x0000524c                eeprom_panel
                0x00004848                ledToggle
                0x00004908                digitalRead
                0x00004eea                readPage
                0x00004a70                analogWrite
                0x0000496e                digitalToggle
                0x00004cf2                readEEPage
                0x0000492c                digitalWrite
                0x000047d8                CCPWrite
                0x0000489c                digitalMode
                0x00005e3c                init_all
                0x00005830                flash_panel
                0x00004abc                test_DIO
                0x00004b74                test_ADC
                0x0000486e                ledBlink
                0x00004c38                verifyEEPage
                0x00004f9e                progPage
                0x00004802                ledWrite
                0x00004990                analogRead
                0x00004da2                progEEPage
                0x00004b44                SystemReset
 .text          0x0000607e      0x34a uart.o
                0x000060c8                uart_get
                0x00006188                fill_Rx_buffer
                0x00006390                createRxBuff
                0x0000615e                uart_putstr
                0x0000626c                __vector_25
                0x000060bc                uart_test
                0x00006382                releaseRxBuff
                0x0000607e                uart_init
                0x0000617a                uart_crlf
                0x00006234                send_Tx_buffer
                0x00006122                uart_put
                0x0000630c                __vector_26
 .text          0x000063c8      0x1da handler.o
                0x00006544                Update_Reg_Handler
                0x000063c8                Handler_Init
                0x000064f8                Reg_Handler
                0x000063f6                __vector_47
 .text          0x000065a2      0x2ec twi.o
                0x000066b4                TWI_MasterArbitrationLostBusErrorHandler
                0x000065d6                TWI_MasterReady
                0x000065e6                TWI_MasterWriteRead
                0x00006820                TWI_MasterReleaseBuff
                0x00006696                TWI_MasterRead
                0x000066a8                TWI_MasterWrite
                0x000065c2                TWI_MasterState
                0x00006840                TWI_MasterCreateBuff
                0x0000675c                TWI_MasterReadHandler
                0x000066de                TWI_MasterWriteHandler
                0x000067da                TWI_MasterInterruptHandler
                0x000065a2                TWI_MasterInit
 .text          0x0000688e     0x3ce4 ff.o
                0x0000a500                f_gets
                0x00009d12                f_printf
                0x00008eae                f_rename
                0x00008b10                f_chdir
                0x00008384                f_truncate
                0x000093f6                f_unlink
                0x00009c74                f_putc
                0x00009cca                f_puts
                0x000069ca                f_chdrive
                0x00009806                f_close
                0x0000a1ac                f_read
                0x00009520                f_readdir
                0x00008e26                f_chmod
                0x00009766                f_sync
                0x000069e0                f_mkfs
                0x00006982                f_mount
                0x00008a5c                f_opendir
                0x00007ed2                f_lseek
                0x000089f6                f_stat
                0x00008d98                f_utime
                0x00009822                f_write
                0x00009f7e                f_open
                0x000090d8                f_mkdir
                0x000095b0                f_getfree
 .text          0x0000a572      0xaac mmc.o
                0x0000ae52                disk_initialize
                0x0000a866                disk_status
                0x0000aa3a                disk_ioctl
                0x0000ada0                disk_timerproc
                0x0000a93e                disk_write
                0x0000a874                disk_read
                0x0000adec                __vector_53
 .text          0x0000b01e       0x3a rtc.o
                0x0000b048                rtc_init
                0x0000b01e                rtc_gettime
                0x0000b04e                get_fattime
                0x0000b042                rtc_settime
 .text          0x0000b058      0x12c timer.o
                0x0000b126                timer_fine_tic
                0x0000b0b6                timer_init
                0x0000b0dc                Wait
                0x0000b134                timer_fine_toc
                0x0000b058                __vector_108
                0x0000b144                timer_coarse_tic
                0x0000b16e                timer_coarse_toc
 .text          0x0000b184      0x202 eeprom_driver.o
                0x0000b184                EEPROM_ReadByte
                0x0000b1d2                EEPROM_WaitForNVM
                0x0000b264                EEPROM_LoadByte
                0x0000b326                EEPROM_SplitWritePage
                0x0000b2aa                EEPROM_AtomicWritePage
                0x0000b282                EEPROM_LoadPage
                0x0000b364                EEPROM_EraseAll
                0x0000b1dc                EEPROM_FlushBuffer
                0x0000b2e8                EEPROM_ErasePage
                0x0000b206                EEPROM_WriteByte
 .text          0x0000b386      0x214 xitoa.o
                0x0000b3b2                xitoa
                0x0000b4e4                xatoi
                0x0000b428                xprintf
                0x0000b3a4                xputs
                0x0000b386                xputc
 .text          0x0000b59a        0x0 c:/winavr-20100110/bin/../lib/gcc/avr/4.3.3/avrxmega7\libgcc.a(_mulsi3.o)
 .text          0x0000b59a        0x0 c:/winavr-20100110/bin/../lib/gcc/avr/4.3.3/avrxmega7\libgcc.a(_udivmodhi4.o)
 .text          0x0000b59a        0x0 c:/winavr-20100110/bin/../lib/gcc/avr/4.3.3/avrxmega7\libgcc.a(_divmodhi4.o)
 .text          0x0000b59a        0x0 c:/winavr-20100110/bin/../lib/gcc/avr/4.3.3/avrxmega7\libgcc.a(_udivmodsi4.o)
 .text          0x0000b59a        0x0 c:/winavr-20100110/bin/../lib/gcc/avr/4.3.3/avrxmega7\libgcc.a(_divmodsi4.o)
 .text          0x0000b59a        0x0 c:/winavr-20100110/bin/../lib/gcc/avr/4.3.3/avrxmega7\libgcc.a(_prologue.o)
 .text          0x0000b59a        0x0 c:/winavr-20100110/bin/../lib/gcc/avr/4.3.3/avrxmega7\libgcc.a(_epilogue.o)
 .text          0x0000b59a        0x0 c:/winavr-20100110/bin/../lib/gcc/avr/4.3.3/avrxmega7\libgcc.a(_exit.o)
 .text          0x0000b59a        0x0 c:/winavr-20100110/bin/../lib/gcc/avr/4.3.3/avrxmega7\libgcc.a(_tablejump.o)
 .text          0x0000b59a        0x0 c:/winavr-20100110/bin/../lib/gcc/avr/4.3.3/avrxmega7\libgcc.a(_clear_bss.o)
 .text          0x0000b59a        0x0 c:/winavr-20100110/bin/../lib/gcc/avr/4.3.3/../../../../avr/lib/avrxmega7\libc.a(malloc.o)
 .text          0x0000b59a        0x0 c:/winavr-20100110/bin/../lib/gcc/avr/4.3.3/../../../../avr/lib/avrxmega7\libc.a(strtoul.o)
 .text          0x0000b59a        0x0 c:/winavr-20100110/bin/../lib/gcc/avr/4.3.3/../../../../avr/lib/avrxmega7\libc.a(isspace.o)
 .text          0x0000b59a        0x0 c:/winavr-20100110/bin/../lib/gcc/avr/4.3.3/../../../../avr/lib/avrxmega7\libc.a(sprintf.o)
 .text          0x0000b59a        0x0 c:/winavr-20100110/bin/../lib/gcc/avr/4.3.3/../../../../avr/lib/avrxmega7\libc.a(vfprintf_std.o)
 .text          0x0000b59a        0x0 c:/winavr-20100110/bin/../lib/gcc/avr/4.3.3/../../../../avr/lib/avrxmega7\libc.a(eerd_byte_atxmega128a1.o)
 .text          0x0000b59a        0x0 c:/winavr-20100110/bin/../lib/gcc/avr/4.3.3/../../../../avr/lib/avrxmega7\libc.a(eewr_byte_atxmega128a1.o)
 .text          0x0000b59a        0x0 c:/winavr-20100110/bin/../lib/gcc/avr/4.3.3/../../../../avr/lib/avrxmega7\libc.a(errno.o)
 .text          0x0000b59a        0x0 c:/winavr-20100110/bin/../lib/gcc/avr/4.3.3/../../../../avr/lib/avrxmega7\libc.a(cty_isfalse.o)
 .text          0x0000b59a        0x0 c:/winavr-20100110/bin/../lib/gcc/avr/4.3.3/../../../../avr/lib/avrxmega7\libc.a(strnlen_P.o)
 .text          0x0000b59a        0x0 c:/winavr-20100110/bin/../lib/gcc/avr/4.3.3/../../../../avr/lib/avrxmega7\libc.a(strnlen.o)
 .text          0x0000b59a        0x0 c:/winavr-20100110/bin/../lib/gcc/avr/4.3.3/../../../../avr/lib/avrxmega7\libc.a(fputc.o)
 .text          0x0000b59a        0x0 c:/winavr-20100110/bin/../lib/gcc/avr/4.3.3/../../../../avr/lib/avrxmega7\libc.a(ultoa_invert.o)
                0x0000b59a                . = ALIGN (0x2)
 *(.text.*)
 .text.libgcc   0x0000b59a       0x3e c:/winavr-20100110/bin/../lib/gcc/avr/4.3.3/avrxmega7\libgcc.a(_mulsi3.o)
                0x0000b59a                __mulsi3
 .text.libgcc   0x0000b5d8       0x28 c:/winavr-20100110/bin/../lib/gcc/avr/4.3.3/avrxmega7\libgcc.a(_udivmodhi4.o)
                0x0000b5d8                __udivmodhi4
 .text.libgcc   0x0000b600       0x26 c:/winavr-20100110/bin/../lib/gcc/avr/4.3.3/avrxmega7\libgcc.a(_divmodhi4.o)
                0x0000b600                __divmodhi4
                0x0000b600                _div
 .text.libgcc   0x0000b626       0x44 c:/winavr-20100110/bin/../lib/gcc/avr/4.3.3/avrxmega7\libgcc.a(_udivmodsi4.o)
                0x0000b626                __udivmodsi4
 .text.libgcc   0x0000b66a       0x36 c:/winavr-20100110/bin/../lib/gcc/avr/4.3.3/avrxmega7\libgcc.a(_divmodsi4.o)
                0x0000b66a                __divmodsi4
 .text.libgcc   0x0000b6a0       0x38 c:/winavr-20100110/bin/../lib/gcc/avr/4.3.3/avrxmega7\libgcc.a(_prologue.o)
                0x0000b6a0                __prologue_saves__
 .text.libgcc   0x0000b6d8       0x36 c:/winavr-20100110/bin/../lib/gcc/avr/4.3.3/avrxmega7\libgcc.a(_epilogue.o)
                0x0000b6d8                __epilogue_restores__
 .text.libgcc   0x0000b70e        0x0 c:/winavr-20100110/bin/../lib/gcc/avr/4.3.3/avrxmega7\libgcc.a(_exit.o)
 .text.libgcc   0x0000b70e        0xc c:/winavr-20100110/bin/../lib/gcc/avr/4.3.3/avrxmega7\libgcc.a(_tablejump.o)
                0x0000b712                __tablejump__
                0x0000b70e                __tablejump2__
 .text.libgcc   0x0000b71a        0x0 c:/winavr-20100110/bin/../lib/gcc/avr/4.3.3/avrxmega7\libgcc.a(_clear_bss.o)
 .text.avr-libc
                0x0000b71a      0x20a c:/winavr-20100110/bin/../lib/gcc/avr/4.3.3/../../../../avr/lib/avrxmega7\libc.a(malloc.o)
                0x0000b71a                malloc
                0x0000b874                free
 .text.avr-libc
                0x0000b924      0x22c c:/winavr-20100110/bin/../lib/gcc/avr/4.3.3/../../../../avr/lib/avrxmega7\libc.a(strtoul.o)
                0x0000b924                strtoul
 .text.avr-libc
                0x0000bb50       0x10 c:/winavr-20100110/bin/../lib/gcc/avr/4.3.3/../../../../avr/lib/avrxmega7\libc.a(isspace.o)
                0x0000bb50                isspace
 .text.avr-libc
                0x0000bb60       0x56 c:/winavr-20100110/bin/../lib/gcc/avr/4.3.3/../../../../avr/lib/avrxmega7\libc.a(sprintf.o)
                0x0000bb60                sprintf
 .text.avr-libc
                0x0000bbb6      0x400 c:/winavr-20100110/bin/../lib/gcc/avr/4.3.3/../../../../avr/lib/avrxmega7\libc.a(vfprintf_std.o)
                0x0000bbb6                vfprintf
 .text.avr-libc
                0x0000bfb6       0x20 c:/winavr-20100110/bin/../lib/gcc/avr/4.3.3/../../../../avr/lib/avrxmega7\libc.a(eerd_byte_atxmega128a1.o)
                0x0000bfb6                __eerd_byte_x128a1
                0x0000bfbe                eeprom_mapen
 .text.avr-libc
                0x0000bfd6       0x46 c:/winavr-20100110/bin/../lib/gcc/avr/4.3.3/../../../../avr/lib/avrxmega7\libc.a(eewr_byte_atxmega128a1.o)
                0x0000bfd6                __eewr_byte_x128a1
                0x0000bfd8                __eewr_r18_x128a1
 .text.avr-libc
                0x0000c01c        0x6 c:/winavr-20100110/bin/../lib/gcc/avr/4.3.3/../../../../avr/lib/avrxmega7\libc.a(cty_isfalse.o)
                0x0000c020                __ctype_istrue
                0x0000c01c                __ctype_isfalse
 .text.avr-libc
                0x0000c022       0x16 c:/winavr-20100110/bin/../lib/gcc/avr/4.3.3/../../../../avr/lib/avrxmega7\libc.a(strnlen_P.o)
                0x0000c022                strnlen_P
 .text.avr-libc
                0x0000c038       0x16 c:/winavr-20100110/bin/../lib/gcc/avr/4.3.3/../../../../avr/lib/avrxmega7\libc.a(strnlen.o)
                0x0000c038                strnlen
 .text.avr-libc
                0x0000c04e       0x58 c:/winavr-20100110/bin/../lib/gcc/avr/4.3.3/../../../../avr/lib/avrxmega7\libc.a(fputc.o)
                0x0000c04e                fputc
 .text.avr-libc
                0x0000c0a6       0xbc c:/winavr-20100110/bin/../lib/gcc/avr/4.3.3/../../../../avr/lib/avrxmega7\libc.a(ultoa_invert.o)
                0x0000c0a6                __ultoa_invert
                0x0000c162                . = ALIGN (0x2)
 *(.fini9)
 .fini9         0x0000c162        0x0 c:/winavr-20100110/bin/../lib/gcc/avr/4.3.3/avrxmega7\libgcc.a(_exit.o)
                0x0000c162                exit
                0x0000c162                _exit
 *(.fini9)
 *(.fini8)
 *(.fini8)
 *(.fini7)
 *(.fini7)
 *(.fini6)
 *(.fini6)
 *(.fini5)
 *(.fini5)
 *(.fini4)
 *(.fini4)
 *(.fini3)
 *(.fini3)
 *(.fini2)
 *(.fini2)
 *(.fini1)
 *(.fini1)
 *(.fini0)
 .fini0         0x0000c162        0x4 c:/winavr-20100110/bin/../lib/gcc/avr/4.3.3/avrxmega7\libgcc.a(_exit.o)
 *(.fini0)
                0x0000c166                _etext = .

.data           0x00802000      0x4e8 load address 0x0000c166
                0x00802000                PROVIDE (__data_start, .)
 *(.data)
 .data          0x00802000        0x0 c:/winavr-20100110/bin/../lib/gcc/avr/4.3.3/../../../../avr/lib/avrxmega7/crtx128a1.o
 .data          0x00802000      0x3d1 main.o
                0x0080209f                resolution_y
                0x008020ab                funcSize_x
                0x008020a3                default_func_x
                0x008020b4                num_buffer_load_x
                0x008020b3                quiet_mode_on
                0x008020a5                functionX_rate
                0x008020af                funcSize_y
                0x008020a4                default_func_y
                0x0080209d                resolution_x
                0x008020b6                num_buffer_load_y
                0x0080209c                Stop
                0x008020a1                next_block_x
                0x008020a7                functionY_rate
                0x008020a2                next_block_y
                0x008020a9                trigger_rate
 .data          0x008023d1       0x16 utils.o
 .data          0x008023e7        0x0 uart.o
 .data          0x008023e7        0x0 handler.o
 .data          0x008023e7        0x0 twi.o
 .data          0x008023e7       0xf9 ff.o
 .data          0x008024e0        0x1 mmc.o
 .data          0x008024e1        0x0 rtc.o
 .data          0x008024e1        0x0 timer.o
 .data          0x008024e1        0x0 eeprom_driver.o
 .data          0x008024e1        0x0 xitoa.o
 .data          0x008024e1        0x0 c:/winavr-20100110/bin/../lib/gcc/avr/4.3.3/avrxmega7\libgcc.a(_mulsi3.o)
 .data          0x008024e1        0x0 c:/winavr-20100110/bin/../lib/gcc/avr/4.3.3/avrxmega7\libgcc.a(_udivmodhi4.o)
 .data          0x008024e1        0x0 c:/winavr-20100110/bin/../lib/gcc/avr/4.3.3/avrxmega7\libgcc.a(_divmodhi4.o)
 .data          0x008024e1        0x0 c:/winavr-20100110/bin/../lib/gcc/avr/4.3.3/avrxmega7\libgcc.a(_udivmodsi4.o)
 .data          0x008024e1        0x0 c:/winavr-20100110/bin/../lib/gcc/avr/4.3.3/avrxmega7\libgcc.a(_divmodsi4.o)
 .data          0x008024e1        0x0 c:/winavr-20100110/bin/../lib/gcc/avr/4.3.3/avrxmega7\libgcc.a(_prologue.o)
 .data          0x008024e1        0x0 c:/winavr-20100110/bin/../lib/gcc/avr/4.3.3/avrxmega7\libgcc.a(_epilogue.o)
 .data          0x008024e1        0x0 c:/winavr-20100110/bin/../lib/gcc/avr/4.3.3/avrxmega7\libgcc.a(_exit.o)
 .data          0x008024e1        0x0 c:/winavr-20100110/bin/../lib/gcc/avr/4.3.3/avrxmega7\libgcc.a(_tablejump.o)
 .data          0x008024e1        0x0 c:/winavr-20100110/bin/../lib/gcc/avr/4.3.3/avrxmega7\libgcc.a(_clear_bss.o)
 .data          0x008024e1        0x6 c:/winavr-20100110/bin/../lib/gcc/avr/4.3.3/../../../../avr/lib/avrxmega7\libc.a(malloc.o)
                0x008024e3                __malloc_heap_start
                0x008024e5                __malloc_heap_end
                0x008024e1                __malloc_margin
 .data          0x008024e7        0x0 c:/winavr-20100110/bin/../lib/gcc/avr/4.3.3/../../../../avr/lib/avrxmega7\libc.a(strtoul.o)
 .data          0x008024e7        0x0 c:/winavr-20100110/bin/../lib/gcc/avr/4.3.3/../../../../avr/lib/avrxmega7\libc.a(isspace.o)
 .data          0x008024e7        0x0 c:/winavr-20100110/bin/../lib/gcc/avr/4.3.3/../../../../avr/lib/avrxmega7\libc.a(sprintf.o)
 .data          0x008024e7        0x0 c:/winavr-20100110/bin/../lib/gcc/avr/4.3.3/../../../../avr/lib/avrxmega7\libc.a(vfprintf_std.o)
 .data          0x008024e7        0x0 c:/winavr-20100110/bin/../lib/gcc/avr/4.3.3/../../../../avr/lib/avrxmega7\libc.a(eerd_byte_atxmega128a1.o)
 .data          0x008024e7        0x0 c:/winavr-20100110/bin/../lib/gcc/avr/4.3.3/../../../../avr/lib/avrxmega7\libc.a(eewr_byte_atxmega128a1.o)
 .data          0x008024e7        0x0 c:/winavr-20100110/bin/../lib/gcc/avr/4.3.3/../../../../avr/lib/avrxmega7\libc.a(errno.o)
 .data          0x008024e7        0x0 c:/winavr-20100110/bin/../lib/gcc/avr/4.3.3/../../../../avr/lib/avrxmega7\libc.a(cty_isfalse.o)
 .data          0x008024e7        0x0 c:/winavr-20100110/bin/../lib/gcc/avr/4.3.3/../../../../avr/lib/avrxmega7\libc.a(strnlen_P.o)
 .data          0x008024e7        0x0 c:/winavr-20100110/bin/../lib/gcc/avr/4.3.3/../../../../avr/lib/avrxmega7\libc.a(strnlen.o)
 .data          0x008024e7        0x0 c:/winavr-20100110/bin/../lib/gcc/avr/4.3.3/../../../../avr/lib/avrxmega7\libc.a(fputc.o)
 .data          0x008024e7        0x0 c:/winavr-20100110/bin/../lib/gcc/avr/4.3.3/../../../../avr/lib/avrxmega7\libc.a(ultoa_invert.o)
 *(.data*)
 *(.rodata)
 *(.rodata*)
 *(.gnu.linkonce.d*)
                0x008024e8                . = ALIGN (0x2)
 *fill*         0x008024e7        0x1 00
                0x008024e8                _edata = .
                0x008024e8                PROVIDE (__data_end, .)

.bss            0x008024e8      0x737
                0x008024e8                PROVIDE (__bss_start, .)
 *(.bss)
 .bss           0x008024e8        0x0 c:/winavr-20100110/bin/../lib/gcc/avr/4.3.3/../../../../avr/lib/avrxmega7/crtx128a1.o
 .bss           0x008024e8       0x35 main.o
                0x008024f9                last_load_x
                0x008024ed                frame_num
                0x008024f4                func_buffer_size_y
                0x008024f1                func_write_index_x
                0x008024ef                func_read_index_x
                0x008024f7                func_ID_Y
                0x008024f3                func_buffer_size_x
                0x008024e9                x_gt_y
                0x008024f2                func_write_index_y
                0x008024ea                Laser_active
                0x008024ec                num_panels
                0x008024eb                FSMutex
                0x008024f0                func_read_index_y
                0x008024fb                last_load_y
                0x008024f5                func_ID_X
                0x008024e8                display_flag
 .bss           0x0080251d        0x0 utils.o
 .bss           0x0080251d       0x4d uart.o
 .bss           0x0080256a        0x0 handler.o
 .bss           0x0080256a        0x0 twi.o
 .bss           0x0080256a        0x7 ff.o
 .bss           0x00802571        0x4 mmc.o
 .bss           0x00802575        0x0 rtc.o
 .bss           0x00802575        0x4 timer.o
                0x00802575                ticks
 .bss           0x00802579        0x0 eeprom_driver.o
 .bss           0x00802579        0x2 xitoa.o
                0x00802579                xfunc_out
 .bss           0x0080257b        0x0 c:/winavr-20100110/bin/../lib/gcc/avr/4.3.3/avrxmega7\libgcc.a(_mulsi3.o)
 .bss           0x0080257b        0x0 c:/winavr-20100110/bin/../lib/gcc/avr/4.3.3/avrxmega7\libgcc.a(_udivmodhi4.o)
 .bss           0x0080257b        0x0 c:/winavr-20100110/bin/../lib/gcc/avr/4.3.3/avrxmega7\libgcc.a(_divmodhi4.o)
 .bss           0x0080257b        0x0 c:/winavr-20100110/bin/../lib/gcc/avr/4.3.3/avrxmega7\libgcc.a(_udivmodsi4.o)
 .bss           0x0080257b        0x0 c:/winavr-20100110/bin/../lib/gcc/avr/4.3.3/avrxmega7\libgcc.a(_divmodsi4.o)
 .bss           0x0080257b        0x0 c:/winavr-20100110/bin/../lib/gcc/avr/4.3.3/avrxmega7\libgcc.a(_prologue.o)
 .bss           0x0080257b        0x0 c:/winavr-20100110/bin/../lib/gcc/avr/4.3.3/avrxmega7\libgcc.a(_epilogue.o)
 .bss           0x0080257b        0x0 c:/winavr-20100110/bin/../lib/gcc/avr/4.3.3/avrxmega7\libgcc.a(_exit.o)
 .bss           0x0080257b        0x0 c:/winavr-20100110/bin/../lib/gcc/avr/4.3.3/avrxmega7\libgcc.a(_tablejump.o)
 .bss           0x0080257b        0x0 c:/winavr-20100110/bin/../lib/gcc/avr/4.3.3/avrxmega7\libgcc.a(_clear_bss.o)
 .bss           0x0080257b        0x0 c:/winavr-20100110/bin/../lib/gcc/avr/4.3.3/../../../../avr/lib/avrxmega7\libc.a(malloc.o)
 .bss           0x0080257b        0x0 c:/winavr-20100110/bin/../lib/gcc/avr/4.3.3/../../../../avr/lib/avrxmega7\libc.a(strtoul.o)
 .bss           0x0080257b        0x0 c:/winavr-20100110/bin/../lib/gcc/avr/4.3.3/../../../../avr/lib/avrxmega7\libc.a(isspace.o)
 .bss           0x0080257b        0x0 c:/winavr-20100110/bin/../lib/gcc/avr/4.3.3/../../../../avr/lib/avrxmega7\libc.a(sprintf.o)
 .bss           0x0080257b        0x0 c:/winavr-20100110/bin/../lib/gcc/avr/4.3.3/../../../../avr/lib/avrxmega7\libc.a(vfprintf_std.o)
 .bss           0x0080257b        0x0 c:/winavr-20100110/bin/../lib/gcc/avr/4.3.3/../../../../avr/lib/avrxmega7\libc.a(eerd_byte_atxmega128a1.o)
 .bss           0x0080257b        0x0 c:/winavr-20100110/bin/../lib/gcc/avr/4.3.3/../../../../avr/lib/avrxmega7\libc.a(eewr_byte_atxmega128a1.o)
 .bss           0x0080257b        0x0 c:/winavr-20100110/bin/../lib/gcc/avr/4.3.3/../../../../avr/lib/avrxmega7\libc.a(errno.o)
 .bss           0x0080257b        0x0 c:/winavr-20100110/bin/../lib/gcc/avr/4.3.3/../../../../avr/lib/avrxmega7\libc.a(cty_isfalse.o)
 .bss           0x0080257b        0x0 c:/winavr-20100110/bin/../lib/gcc/avr/4.3.3/../../../../avr/lib/avrxmega7\libc.a(strnlen_P.o)
 .bss           0x0080257b        0x0 c:/winavr-20100110/bin/../lib/gcc/avr/4.3.3/../../../../avr/lib/avrxmega7\libc.a(strnlen.o)
 .bss           0x0080257b        0x0 c:/winavr-20100110/bin/../lib/gcc/avr/4.3.3/../../../../avr/lib/avrxmega7\libc.a(fputc.o)
 .bss           0x0080257b        0x0 c:/winavr-20100110/bin/../lib/gcc/avr/4.3.3/../../../../avr/lib/avrxmega7\libc.a(ultoa_invert.o)
 *(.bss*)
 *(COMMON)
 COMMON         0x0080257b      0x65c main.o
                0x0080257b                file2
                0x0080259b                bias_x
                0x0080259c                twi4
                0x008025ab                y_num
                0x008025ad                Y_val
                0x008025af                row_compress
                0x008025b0                function_Y
                0x00802678                Y_pos_index
                0x0080267a                twi1
                0x00802689                X_val
                0x0080268b                laserPattern
                0x00802708                X_pos_index
                0x0080270a                file3
                0x0080272a                twi3
                0x00802739                gs_value
                0x0080273a                chMap
                0x008027bb                x_mode
                0x008027bc                bytes_per_panel_frame
                0x008027bd                index_x
                0x008027bf                gain_y
                0x008027c0                fsMutex
                0x008027c1                start_block
                0x008027c5                file5
                0x008027e5                file6
                0x00802805                y_mode
                0x00802806                gain_x
                0x00802807                file4
                0x00802827                x_num
                0x00802829                function_X
                0x008028f1                adrMap
                0x00802972                index_y
                0x00802974                file1
                0x00802994                twi2
                0x008029a3                ident_compress
                0x008029a4                fatfs
                0x00802bd6                bias_y
 COMMON         0x00802bd7       0x42 handler.o
                0x00802bd7                p_handler_func
                0x00802be3                mask
                0x00802be9                start_count
                0x00802c01                count
 COMMON         0x00802c19        0x4 c:/winavr-20100110/bin/../lib/gcc/avr/4.3.3/../../../../avr/lib/avrxmega7\libc.a(malloc.o)
                0x00802c19                __brkval
                0x00802c1b                __flp
 COMMON         0x00802c1d        0x2 c:/winavr-20100110/bin/../lib/gcc/avr/4.3.3/../../../../avr/lib/avrxmega7\libc.a(errno.o)
                0x00802c1d                errno
                0x00802c1f                PROVIDE (__bss_end, .)
                0x0000c166                __data_load_start = LOADADDR (.data)
                0x0000c64e                __data_load_end = (__data_load_start + SIZEOF (.data))

.noinit         0x00802c1f        0x0
                0x00802c1f                PROVIDE (__noinit_start, .)
 *(.noinit*)
                0x00802c1f                PROVIDE (__noinit_end, .)
                0x00802c1f                _end = .
                0x00802c1f                PROVIDE (__heap_start, .)

.eeprom         0x00810000       0x82
 *(.eeprom*)
 .eeprom        0x00810000       0x82 main.o
                0x00810000                work_mode
                0x00810001                arena_config
                0x00810082                __eeprom_end = .

.fuse
 *(.fuse)
 *(.lfuse)
 *(.hfuse)
 *(.efuse)

.lock
 *(.lock*)

.signature
 *(.signature*)

.stab           0x00000000      0xd08
 *(.stab)
 .stab          0x00000000      0xd08 xitoa.o

.stabstr        0x00000000       0x70
 *(.stabstr)
 .stabstr       0x00000000       0x70 xitoa.o

.stab.excl
 *(.stab.excl)

.stab.exclstr
 *(.stab.exclstr)

.stab.index
 *(.stab.index)

.stab.indexstr
 *(.stab.indexstr)

.comment
 *(.comment)

.debug
 *(.debug)

.line
 *(.line)

.debug_srcinfo
 *(.debug_srcinfo)

.debug_sfnames
 *(.debug_sfnames)

.debug_aranges  0x00000000      0x140
 *(.debug_aranges)
 .debug_aranges
                0x00000000       0x20 main.o
 .debug_aranges
                0x00000020       0x20 utils.o
 .debug_aranges
                0x00000040       0x20 uart.o
 .debug_aranges
                0x00000060       0x20 handler.o
 .debug_aranges
                0x00000080       0x20 twi.o
 .debug_aranges
                0x000000a0       0x20 ff.o
 .debug_aranges
                0x000000c0       0x20 mmc.o
 .debug_aranges
                0x000000e0       0x20 rtc.o
 .debug_aranges
                0x00000100       0x20 timer.o
 .debug_aranges
                0x00000120       0x20 eeprom_driver.o

.debug_pubnames
                0x00000000      0xe9e
 *(.debug_pubnames)
 .debug_pubnames
                0x00000000      0x6bd main.o
 .debug_pubnames
                0x000006bd      0x1a7 utils.o
 .debug_pubnames
                0x00000864       0xcf uart.o
 .debug_pubnames
                0x00000933       0x90 handler.o
 .debug_pubnames
                0x000009c3      0x140 twi.o
 .debug_pubnames
                0x00000b03      0x144 ff.o
 .debug_pubnames
                0x00000c47       0x85 mmc.o
 .debug_pubnames
                0x00000ccc       0x4f rtc.o
 .debug_pubnames
                0x00000d1b       0x95 timer.o
 .debug_pubnames
                0x00000db0       0xee eeprom_driver.o

.debug_info     0x00000000     0x9bed
 *(.debug_info)
 .debug_info    0x00000000     0x2664 main.o
 .debug_info    0x00002664     0x2163 utils.o
 .debug_info    0x000047c7      0x488 uart.o
 .debug_info    0x00004c4f      0x7c7 handler.o
 .debug_info    0x00005416      0x713 twi.o
 .debug_info    0x00005b29     0x23bb ff.o
 .debug_info    0x00007ee4      0x942 mmc.o
 .debug_info    0x00008826      0x1f5 rtc.o
 .debug_info    0x00008a1b      0xbfd timer.o
 .debug_info    0x00009618      0x5d5 eeprom_driver.o
 *(.gnu.linkonce.wi.*)

.debug_abbrev   0x00000000     0x1621
 *(.debug_abbrev)
 .debug_abbrev  0x00000000      0x369 main.o
 .debug_abbrev  0x00000369      0x40f utils.o
 .debug_abbrev  0x00000778      0x1a2 uart.o
 .debug_abbrev  0x0000091a      0x134 handler.o
 .debug_abbrev  0x00000a4e      0x1c2 twi.o
 .debug_abbrev  0x00000c10      0x337 ff.o
 .debug_abbrev  0x00000f47      0x282 mmc.o
 .debug_abbrev  0x000011c9      0x13e rtc.o
 .debug_abbrev  0x00001307      0x12a timer.o
 .debug_abbrev  0x00001431      0x1f0 eeprom_driver.o

.debug_line     0x00000000     0x694f
 *(.debug_line)
 .debug_line    0x00000000     0x1c78 main.o
 .debug_line    0x00001c78     0x12a8 utils.o
 .debug_line    0x00002f20      0x3f4 uart.o
 .debug_line    0x00003314      0x1b7 handler.o
 .debug_line    0x000034cb      0x3f9 twi.o
 .debug_line    0x000038c4     0x2243 ff.o
 .debug_line    0x00005b07      0x853 mmc.o
 .debug_line    0x0000635a       0xcd rtc.o
 .debug_line    0x00006427      0x1b5 timer.o
 .debug_line    0x000065dc      0x373 eeprom_driver.o

.debug_frame    0x00000000      0xa80
 *(.debug_frame)
 .debug_frame   0x00000000      0x220 main.o
 .debug_frame   0x00000220      0x190 utils.o
 .debug_frame   0x000003b0       0xd0 uart.o
 .debug_frame   0x00000480       0x50 handler.o
 .debug_frame   0x000004d0       0xd0 twi.o
 .debug_frame   0x000005a0      0x290 ff.o
 .debug_frame   0x00000830       0xd0 mmc.o
 .debug_frame   0x00000900       0x50 rtc.o
 .debug_frame   0x00000950       0x80 timer.o
 .debug_frame   0x000009d0       0xb0 eeprom_driver.o

.debug_str      0x00000000     0x220c
 *(.debug_str)
 .debug_str     0x00000000      0xd6d main.o
                                0xe42 (size before relaxing)
 .debug_str     0x00000d6d      0x61e utils.o
                                0xb7b (size before relaxing)
 .debug_str     0x0000138b      0x10d uart.o
                                0x225 (size before relaxing)
 .debug_str     0x00001498       0xb2 handler.o
                                0x3d0 (size before relaxing)
 .debug_str     0x0000154a      0x2a1 twi.o
                                0x59d (size before relaxing)
 .debug_str     0x000017eb      0x32d ff.o
                                0x656 (size before relaxing)
 .debug_str     0x00001b18      0x20b mmc.o
                                0x435 (size before relaxing)
 .debug_str     0x00001d23       0x53 rtc.o
                                0x121 (size before relaxing)
 .debug_str     0x00001d76       0x71 timer.o
                                0x414 (size before relaxing)
 .debug_str     0x00001de7      0x425 eeprom_driver.o
                                0x51f (size before relaxing)

.debug_loc      0x00000000     0x7c34
 *(.debug_loc)
 .debug_loc     0x00000000     0x1884 main.o
 .debug_loc     0x00001884      0xdf6 utils.o
 .debug_loc     0x0000267a      0x281 uart.o
 .debug_loc     0x000028fb       0x7f handler.o
 .debug_loc     0x0000297a      0x377 twi.o
 .debug_loc     0x00002cf1     0x4682 ff.o
 .debug_loc     0x00007373      0x62c mmc.o
 .debug_loc     0x0000799f       0x40 rtc.o
 .debug_loc     0x000079df       0x6a timer.o
 .debug_loc     0x00007a49      0x1eb eeprom_driver.o

.debug_macinfo
 *(.debug_macinfo)
OUTPUT(panelcontroller.elf elf32-avr)
LOAD linker stubs

.debug_ranges   0x00000000      0x2a0
 .debug_ranges  0x00000000       0x90 main.o
 .debug_ranges  0x00000090      0x180 utils.o
 .debug_ranges  0x00000210       0x60 ff.o
 .debug_ranges  0x00000270       0x30 mmc.o
